Component: Arm Compiler for Embedded 6.18 Tool: armlink [5e4cc100]

==============================================================================

Section Cross References

    bsp.o(.text.bsp_Init) refers to bsp.o(.text.MPU_Config) for MPU_Config
    bsp.o(.text.bsp_Init) refers to bsp.o(.text.CPU_CACHE_Enable) for CPU_CACHE_Enable
    bsp.o(.text.bsp_Init) refers to stm32f7xx_hal.o(.text.HAL_Init) for HAL_Init
    bsp.o(.text.bsp_Init) refers to bsp.o(.text.SystemClock_Config) for SystemClock_Config
    bsp.o(.text.bsp_Init) refers to bsp_uart_fifo.o(.text.bsp_InitUart) for bsp_InitUart
    bsp.o(.ARM.exidx.text.bsp_Init) refers to bsp.o(.text.bsp_Init) for [Anonymous Symbol]
    bsp.o(.text.MPU_Config) refers to stm32f7xx_hal_cortex.o(.text.HAL_MPU_Disable) for HAL_MPU_Disable
    bsp.o(.text.MPU_Config) refers to stm32f7xx_hal_cortex.o(.text.HAL_MPU_ConfigRegion) for HAL_MPU_ConfigRegion
    bsp.o(.text.MPU_Config) refers to stm32f7xx_hal_cortex.o(.text.HAL_MPU_Enable) for HAL_MPU_Enable
    bsp.o(.ARM.exidx.text.MPU_Config) refers to bsp.o(.text.MPU_Config) for [Anonymous Symbol]
    bsp.o(.text.CPU_CACHE_Enable) refers to bsp.o(.text.SCB_EnableICache) for SCB_EnableICache
    bsp.o(.text.CPU_CACHE_Enable) refers to bsp.o(.text.SCB_EnableDCache) for SCB_EnableDCache
    bsp.o(.ARM.exidx.text.CPU_CACHE_Enable) refers to bsp.o(.text.CPU_CACHE_Enable) for [Anonymous Symbol]
    bsp.o(.text.SystemClock_Config) refers to memseta.o(.text) for __aeabi_memclr4
    bsp.o(.text.SystemClock_Config) refers to stm32f7xx_hal_rcc.o(.text.HAL_RCC_OscConfig) for HAL_RCC_OscConfig
    bsp.o(.text.SystemClock_Config) refers to bsp.o(.rodata.str1.1) for .L.str
    bsp.o(.text.SystemClock_Config) refers to bsp.o(.text.Error_Handler) for Error_Handler
    bsp.o(.text.SystemClock_Config) refers to stm32f7xx_hal_pwr_ex.o(.text.HAL_PWREx_EnableOverDrive) for HAL_PWREx_EnableOverDrive
    bsp.o(.text.SystemClock_Config) refers to stm32f7xx_hal_rcc.o(.text.HAL_RCC_ClockConfig) for HAL_RCC_ClockConfig
    bsp.o(.ARM.exidx.text.SystemClock_Config) refers to bsp.o(.text.SystemClock_Config) for [Anonymous Symbol]
    bsp.o(.ARM.exidx.text.Error_Handler) refers to bsp.o(.text.Error_Handler) for [Anonymous Symbol]
    bsp.o(.ARM.exidx.text.bsp_RunPer10ms) refers to bsp.o(.text.bsp_RunPer10ms) for [Anonymous Symbol]
    bsp.o(.ARM.exidx.text.bsp_RunPer1ms) refers to bsp.o(.text.bsp_RunPer1ms) for [Anonymous Symbol]
    bsp.o(.ARM.exidx.text.bsp_Idle) refers to bsp.o(.text.bsp_Idle) for [Anonymous Symbol]
    bsp.o(.ARM.exidx.text.SCB_EnableICache) refers to bsp.o(.text.SCB_EnableICache) for [Anonymous Symbol]
    bsp.o(.ARM.exidx.text.SCB_EnableDCache) refers to bsp.o(.text.SCB_EnableDCache) for [Anonymous Symbol]
    bsp_uart_fifo.o(.text.bsp_InitUart) refers to bsp_uart_fifo.o(.text.UartVarInit) for UartVarInit
    bsp_uart_fifo.o(.text.bsp_InitUart) refers to bsp_uart_fifo.o(.text.InitHardUart) for InitHardUart
    bsp_uart_fifo.o(.ARM.exidx.text.bsp_InitUart) refers to bsp_uart_fifo.o(.text.bsp_InitUart) for [Anonymous Symbol]
    bsp_uart_fifo.o(.text.UartVarInit) refers to bsp_uart_fifo.o(.bss.g_tUart1) for g_tUart1
    bsp_uart_fifo.o(.text.UartVarInit) refers to bsp_uart_fifo.o(.bss.g_TxBuf1) for g_TxBuf1
    bsp_uart_fifo.o(.text.UartVarInit) refers to bsp_uart_fifo.o(.bss.g_RxBuf1) for g_RxBuf1
    bsp_uart_fifo.o(.text.UartVarInit) refers to bsp_uart_fifo.o(.bss.g_tUart3) for g_tUart3
    bsp_uart_fifo.o(.text.UartVarInit) refers to bsp_uart_fifo.o(.bss.g_TxBuf3) for g_TxBuf3
    bsp_uart_fifo.o(.text.UartVarInit) refers to bsp_uart_fifo.o(.bss.g_RxBuf3) for g_RxBuf3
    bsp_uart_fifo.o(.text.UartVarInit) refers to bsp_uart_fifo.o(.text.RS485_SendBefor) for RS485_SendBefor
    bsp_uart_fifo.o(.text.UartVarInit) refers to bsp_uart_fifo.o(.text.RS485_SendOver) for RS485_SendOver
    bsp_uart_fifo.o(.text.UartVarInit) refers to bsp_uart_fifo.o(.text.RS485_ReciveNew) for RS485_ReciveNew
    bsp_uart_fifo.o(.ARM.exidx.text.UartVarInit) refers to bsp_uart_fifo.o(.text.UartVarInit) for [Anonymous Symbol]
    bsp_uart_fifo.o(.text.InitHardUart) refers to stm32f7xx_hal_rcc_ex.o(.text.HAL_RCCEx_PeriphCLKConfig) for HAL_RCCEx_PeriphCLKConfig
    bsp_uart_fifo.o(.text.InitHardUart) refers to bsp_uart_fifo.o(.rodata.str1.1) for .L.str
    bsp_uart_fifo.o(.text.InitHardUart) refers to bsp.o(.text.Error_Handler) for Error_Handler
    bsp_uart_fifo.o(.text.InitHardUart) refers to stm32f7xx_hal_gpio.o(.text.HAL_GPIO_Init) for HAL_GPIO_Init
    bsp_uart_fifo.o(.text.InitHardUart) refers to stm32f7xx_hal_cortex.o(.text.HAL_NVIC_SetPriority) for HAL_NVIC_SetPriority
    bsp_uart_fifo.o(.text.InitHardUart) refers to stm32f7xx_hal_cortex.o(.text.HAL_NVIC_EnableIRQ) for HAL_NVIC_EnableIRQ
    bsp_uart_fifo.o(.text.InitHardUart) refers to bsp_uart_fifo.o(.text.bsp_SetUartParam) for bsp_SetUartParam
    bsp_uart_fifo.o(.ARM.exidx.text.InitHardUart) refers to bsp_uart_fifo.o(.text.InitHardUart) for [Anonymous Symbol]
[...]
    Removing stm32f7xx_hal_dma.o(.text.HAL_DMA_Abort_IT), (68 bytes).
    Removing stm32f7xx_hal_dma.o(.ARM.exidx.text.HAL_DMA_Abort_IT), (8 bytes).
    Removing stm32f7xx_hal_dma.o(.text.HAL_DMA_PollForTransfer), (506 bytes).
    Removing stm32f7xx_hal_dma.o(.ARM.exidx.text.HAL_DMA_PollForTransfer), (8 bytes).
    Removing stm32f7xx_hal_dma.o(.text.HAL_DMA_IRQHandler), (798 bytes).
    Removing stm32f7xx_hal_dma.o(.ARM.exidx.text.HAL_DMA_IRQHandler), (8 bytes).
    Removing stm32f7xx_hal_dma.o(.text.HAL_DMA_RegisterCallback), (182 bytes).
    Removing stm32f7xx_hal_dma.o(.ARM.exidx.text.HAL_DMA_RegisterCallback), (8 bytes).
    Removing stm32f7xx_hal_dma.o(.text.HAL_DMA_UnRegisterCallback), (210 bytes).
    Removing stm32f7xx_hal_dma.o(.ARM.exidx.text.HAL_DMA_UnRegisterCallback), (8 bytes).
    Removing stm32f7xx_hal_dma.o(.text.HAL_DMA_GetState), (14 bytes).
    Removing stm32f7xx_hal_dma.o(.ARM.exidx.text.HAL_DMA_GetState), (8 bytes).
    Removing stm32f7xx_hal_dma.o(.text.HAL_DMA_GetError), (12 bytes).
    Removing stm32f7xx_hal_dma.o(.ARM.exidx.text.HAL_DMA_GetError), (8 bytes).
    Removing stm32f7xx_hal_dma.o(.rodata.DMA_CalcBaseAndBitshift.flagBitshiftOffset), (8 bytes).
    Removing stm32f7xx_hal_dma_ex.o(.text), (0 bytes).
    Removing stm32f7xx_hal_dma_ex.o(.text.HAL_DMAEx_MultiBufferStart), (176 bytes).
    Removing stm32f7xx_hal_dma_ex.o(.ARM.exidx.text.HAL_DMAEx_MultiBufferStart), (8 bytes).
    Removing stm32f7xx_hal_dma_ex.o(.text.DMA_MultiBufferSetConfig), (68 bytes).
    Removing stm32f7xx_hal_dma_ex.o(.ARM.exidx.text.DMA_MultiBufferSetConfig), (8 bytes).
    Removing stm32f7xx_hal_dma_ex.o(.text.HAL_DMAEx_MultiBufferStart_IT), (8204 bytes).
    Removing stm32f7xx_hal_dma_ex.o(.ARM.exidx.text.HAL_DMAEx_MultiBufferStart_IT), (8 bytes).
    Removing stm32f7xx_hal_dma_ex.o(.text.HAL_DMAEx_ChangeMemory), (44 bytes).
    Removing stm32f7xx_hal_dma_ex.o(.ARM.exidx.text.HAL_DMAEx_ChangeMemory), (8 bytes).
    Removing stm32f7xx_hal_pwr.o(.text), (0 bytes).
    Removing stm32f7xx_hal_pwr.o(.text.HAL_PWR_DeInit), (26 bytes).
    Removing stm32f7xx_hal_pwr.o(.ARM.exidx.text.HAL_PWR_DeInit), (8 bytes).
    Removing stm32f7xx_hal_pwr.o(.text.HAL_PWR_EnableBkUpAccess), (18 bytes).
    Removing stm32f7xx_hal_pwr.o(.ARM.exidx.text.HAL_PWR_EnableBkUpAccess), (8 bytes).
    Removing stm32f7xx_hal_pwr.o(.text.HAL_PWR_DisableBkUpAccess), (18 bytes).
    Removing stm32f7xx_hal_pwr.o(.ARM.exidx.text.HAL_PWR_DisableBkUpAccess), (8 bytes).
    Removing stm32f7xx_hal_pwr.o(.text.HAL_PWR_ConfigPVD), (210 bytes).
    Removing stm32f7xx_hal_pwr.o(.ARM.exidx.text.HAL_PWR_ConfigPVD), (8 bytes).
    Removing stm32f7xx_hal_pwr.o(.text.HAL_PWR_EnablePVD), (18 bytes).
    Removing stm32f7xx_hal_pwr.o(.ARM.exidx.text.HAL_PWR_EnablePVD), (8 bytes).
    Removing stm32f7xx_hal_pwr.o(.text.HAL_PWR_DisablePVD), (18 bytes).
    Removing stm32f7xx_hal_pwr.o(.ARM.exidx.text.HAL_PWR_DisablePVD), (8 bytes).
    Removing stm32f7xx_hal_pwr.o(.text.HAL_PWR_EnableWakeUpPin), (56 bytes).
    Removing stm32f7xx_hal_pwr.o(.ARM.exidx.text.HAL_PWR_EnableWakeUpPin), (8 bytes).
    Removing stm32f7xx_hal_pwr.o(.text.HAL_PWR_DisableWakeUpPin), (24 bytes).
    Removing stm32f7xx_hal_pwr.o(.ARM.exidx.text.HAL_PWR_DisableWakeUpPin), (8 bytes).
    Removing stm32f7xx_hal_pwr.o(.text.HAL_PWR_EnterSLEEPMode), (58 bytes).
    Removing stm32f7xx_hal_pwr.o(.ARM.exidx.text.HAL_PWR_EnterSLEEPMode), (8 bytes).
    Removing stm32f7xx_hal_pwr.o(.text.HAL_PWR_EnterSTOPMode), (110 bytes).
    Removing stm32f7xx_hal_pwr.o(.ARM.exidx.text.HAL_PWR_EnterSTOPMode), (8 bytes).
    Removing stm32f7xx_hal_pwr.o(.text.HAL_PWR_EnterSTANDBYMode), (36 bytes).
    Removing stm32f7xx_hal_pwr.o(.ARM.exidx.text.HAL_PWR_EnterSTANDBYMode), (8 bytes).
    Removing stm32f7xx_hal_pwr.o(.text.HAL_PWR_PVD_IRQHandler), (42 bytes).
    Removing stm32f7xx_hal_pwr.o(.ARM.exidx.text.HAL_PWR_PVD_IRQHandler), (8 bytes).
    Removing stm32f7xx_hal_pwr.o(.text.HAL_PWR_PVDCallback), (2 bytes).
    Removing stm32f7xx_hal_pwr.o(.ARM.exidx.text.HAL_PWR_PVDCallback), (8 bytes).
    Removing stm32f7xx_hal_pwr.o(.text.HAL_PWR_EnableSleepOnExit), (18 bytes).
    Removing stm32f7xx_hal_pwr.o(.ARM.exidx.text.HAL_PWR_EnableSleepOnExit), (8 bytes).
    Removing stm32f7xx_hal_pwr.o(.text.HAL_PWR_DisableSleepOnExit), (18 bytes).
    Removing stm32f7xx_hal_pwr.o(.ARM.exidx.text.HAL_PWR_DisableSleepOnExit), (8 bytes).
    Removing stm32f7xx_hal_pwr.o(.text.HAL_PWR_EnableSEVOnPend), (18 bytes).
    Removing stm32f7xx_hal_pwr.o(.ARM.exidx.text.HAL_PWR_EnableSEVOnPend), (8 bytes).
    Removing stm32f7xx_hal_pwr.o(.text.HAL_PWR_DisableSEVOnPend), (18 bytes).
    Removing stm32f7xx_hal_pwr.o(.ARM.exidx.text.HAL_PWR_DisableSEVOnPend), (8 bytes).
    Removing stm32f7xx_hal_pwr_ex.o(.text), (0 bytes).
    Removing stm32f7xx_hal_pwr_ex.o(.text.HAL_PWREx_EnableBkUpReg), (106 bytes).
    Removing stm32f7xx_hal_pwr_ex.o(.ARM.exidx.text.HAL_PWREx_EnableBkUpReg), (8 bytes).
    Removing stm32f7xx_hal_pwr_ex.o(.text.HAL_PWREx_DisableBkUpReg), (106 bytes).
    Removing stm32f7xx_hal_pwr_ex.o(.ARM.exidx.text.HAL_PWREx_DisableBkUpReg), (8 bytes).
    Removing stm32f7xx_hal_pwr_ex.o(.text.HAL_PWREx_EnableFlashPowerDown), (18 bytes).
    Removing stm32f7xx_hal_pwr_ex.o(.ARM.exidx.text.HAL_PWREx_EnableFlashPowerDown), (8 bytes).
    Removing stm32f7xx_hal_pwr_ex.o(.text.HAL_PWREx_DisableFlashPowerDown), (18 bytes).
    Removing stm32f7xx_hal_pwr_ex.o(.ARM.exidx.text.HAL_PWREx_DisableFlashPowerDown), (8 bytes).
    Removing stm32f7xx_hal_pwr_ex.o(.text.HAL_PWREx_EnableMainRegulatorLowVoltage), (18 bytes).
    Removing stm32f7xx_hal_pwr_ex.o(.ARM.exidx.text.HAL_PWREx_EnableMainRegulatorLowVoltage), (8 bytes).
    Removing stm32f7xx_hal_pwr_ex.o(.text.HAL_PWREx_DisableMainRegulatorLowVoltage), (18 bytes).
    Removing stm32f7xx_hal_pwr_ex.o(.ARM.exidx.text.HAL_PWREx_DisableMainRegulatorLowVoltage), (8 bytes).
    Removing stm32f7xx_hal_pwr_ex.o(.text.HAL_PWREx_EnableLowRegulatorLowVoltage), (18 bytes).
    Removing stm32f7xx_hal_pwr_ex.o(.ARM.exidx.text.HAL_PWREx_EnableLowRegulatorLowVoltage), (8 bytes).
    Removing stm32f7xx_hal_pwr_ex.o(.text.HAL_PWREx_DisableLowRegulatorLowVoltage), (18 bytes).
    Removing stm32f7xx_hal_pwr_ex.o(.ARM.exidx.text.HAL_PWREx_DisableLowRegulatorLowVoltage), (8 bytes).
    Removing stm32f7xx_hal_pwr_ex.o(.ARM.exidx.text.HAL_PWREx_EnableOverDrive), (8 bytes).
    Removing stm32f7xx_hal_pwr_ex.o(.text.HAL_PWREx_DisableOverDrive), (190 bytes).
    Removing stm32f7xx_hal_pwr_ex.o(.ARM.exidx.text.HAL_PWREx_DisableOverDrive), (8 bytes).
    Removing stm32f7xx_hal_pwr_ex.o(.text.HAL_PWREx_EnterUnderDriveSTOPMode), (240 bytes).
    Removing stm32f7xx_hal_pwr_ex.o(.ARM.exidx.text.HAL_PWREx_EnterUnderDriveSTOPMode), (8 bytes).
    Removing stm32f7xx_hal_pwr_ex.o(.text.HAL_PWREx_GetVoltageRange), (16 bytes).
    Removing stm32f7xx_hal_pwr_ex.o(.ARM.exidx.text.HAL_PWREx_GetVoltageRange), (8 bytes).
    Removing stm32f7xx_hal_pwr_ex.o(.text.HAL_PWREx_ControlVoltageScaling), (322 bytes).
    Removing stm32f7xx_hal_pwr_ex.o(.ARM.exidx.text.HAL_PWREx_ControlVoltageScaling), (8 bytes).
    Removing stm32f7xx_hal.o(.text), (0 bytes).
    Removing stm32f7xx_hal.o(.ARM.exidx.text.HAL_Init), (8 bytes).
    Removing stm32f7xx_hal.o(.ARM.exidx.text.HAL_InitTick), (8 bytes).
    Removing stm32f7xx_hal.o(.text.HAL_MspInit), (2 bytes).
    Removing stm32f7xx_hal.o(.ARM.exidx.text.HAL_MspInit), (8 bytes).
    Removing stm32f7xx_hal.o(.text.HAL_DeInit), (82 bytes).
    Removing stm32f7xx_hal.o(.ARM.exidx.text.HAL_DeInit), (8 bytes).
    Removing stm32f7xx_hal.o(.text.HAL_MspDeInit), (2 bytes).
    Removing stm32f7xx_hal.o(.ARM.exidx.text.HAL_MspDeInit), (8 bytes).
    Removing stm32f7xx_hal.o(.ARM.exidx.text.HAL_IncTick), (8 bytes).
    Removing stm32f7xx_hal.o(.ARM.exidx.text.HAL_GetTick), (8 bytes).
    Removing stm32f7xx_hal.o(.text.HAL_GetTickPrio), (12 bytes).
    Removing stm32f7xx_hal.o(.ARM.exidx.text.HAL_GetTickPrio), (8 bytes).
    Removing stm32f7xx_hal.o(.text.HAL_SetTickFreq), (106 bytes).
    Removing stm32f7xx_hal.o(.ARM.exidx.text.HAL_SetTickFreq), (8 bytes).
    Removing stm32f7xx_hal.o(.text.HAL_GetTickFreq), (12 bytes).
    Removing stm32f7xx_hal.o(.ARM.exidx.text.HAL_GetTickFreq), (8 bytes).
    Removing stm32f7xx_hal.o(.ARM.exidx.text.HAL_Delay), (8 bytes).
    Removing stm32f7xx_hal.o(.text.HAL_SuspendTick), (18 bytes).
    Removing stm32f7xx_hal.o(.ARM.exidx.text.HAL_SuspendTick), (8 bytes).
    Removing stm32f7xx_hal.o(.text.HAL_ResumeTick), (18 bytes).
    Removing stm32f7xx_hal.o(.ARM.exidx.text.HAL_ResumeTick), (8 bytes).
    Removing stm32f7xx_hal.o(.text.HAL_GetHalVersion), (8 bytes).
    Removing stm32f7xx_hal.o(.ARM.exidx.text.HAL_GetHalVersion), (8 bytes).
    Removing stm32f7xx_hal.o(.text.HAL_GetREVID), (14 bytes).
    Removing stm32f7xx_hal.o(.ARM.exidx.text.HAL_GetREVID), (8 bytes).
    Removing stm32f7xx_hal.o(.text.HAL_GetDEVID), (16 bytes).
    Removing stm32f7xx_hal.o(.ARM.exidx.text.HAL_GetDEVID), (8 bytes).
    Removing stm32f7xx_hal.o(.text.HAL_GetUIDw0), (12 bytes).
    Removing stm32f7xx_hal.o(.ARM.exidx.text.HAL_GetUIDw0), (8 bytes).
    Removing stm32f7xx_hal.o(.text.HAL_GetUIDw1), (12 bytes).
    Removing stm32f7xx_hal.o(.ARM.exidx.text.HAL_GetUIDw1), (8 bytes).
    Removing stm32f7xx_hal.o(.text.HAL_GetUIDw2), (12 bytes).
    Removing stm32f7xx_hal.o(.ARM.exidx.text.HAL_GetUIDw2), (8 bytes).
    Removing stm32f7xx_hal.o(.text.HAL_DBGMCU_EnableDBGSleepMode), (18 bytes).
    Removing stm32f7xx_hal.o(.ARM.exidx.text.HAL_DBGMCU_EnableDBGSleepMode), (8 bytes).
    Removing stm32f7xx_hal.o(.text.HAL_DBGMCU_DisableDBGSleepMode), (18 bytes).
    Removing stm32f7xx_hal.o(.ARM.exidx.text.HAL_DBGMCU_DisableDBGSleepMode), (8 bytes).
    Removing stm32f7xx_hal.o(.text.HAL_DBGMCU_EnableDBGStopMode), (18 bytes).
    Removing stm32f7xx_hal.o(.ARM.exidx.text.HAL_DBGMCU_EnableDBGStopMode), (8 bytes).
    Removing stm32f7xx_hal.o(.text.HAL_DBGMCU_DisableDBGStopMode), (18 bytes).
    Removing stm32f7xx_hal.o(.ARM.exidx.text.HAL_DBGMCU_DisableDBGStopMode), (8 bytes).
    Removing stm32f7xx_hal.o(.text.HAL_DBGMCU_EnableDBGStandbyMode), (18 bytes).
    Removing stm32f7xx_hal.o(.ARM.exidx.text.HAL_DBGMCU_EnableDBGStandbyMode), (8 bytes).
    Removing stm32f7xx_hal.o(.text.HAL_DBGMCU_DisableDBGStandbyMode), (18 bytes).
    Removing stm32f7xx_hal.o(.ARM.exidx.text.HAL_DBGMCU_DisableDBGStandbyMode), (8 bytes).
    Removing stm32f7xx_hal.o(.text.HAL_EnableCompensationCell), (18 bytes).
    Removing stm32f7xx_hal.o(.ARM.exidx.text.HAL_EnableCompensationCell), (8 bytes).
    Removing stm32f7xx_hal.o(.text.HAL_DisableCompensationCell), (18 bytes).
    Removing stm32f7xx_hal.o(.ARM.exidx.text.HAL_DisableCompensationCell), (8 bytes).
    Removing stm32f7xx_hal.o(.text.HAL_EnableFMCMemorySwapping), (18 bytes).
    Removing stm32f7xx_hal.o(.ARM.exidx.text.HAL_EnableFMCMemorySwapping), (8 bytes).
    Removing stm32f7xx_hal.o(.text.HAL_DisableFMCMemorySwapping), (18 bytes).
    Removing stm32f7xx_hal.o(.ARM.exidx.text.HAL_DisableFMCMemorySwapping), (8 bytes).
    Removing stm32f7xx_hal.o(.text.HAL_EnableMemorySwappingBank), (18 bytes).
    Removing stm32f7xx_hal.o(.ARM.exidx.text.HAL_EnableMemorySwappingBank), (8 bytes).
    Removing stm32f7xx_hal.o(.text.HAL_DisableMemorySwappingBank), (18 bytes).
    Removing stm32f7xx_hal.o(.ARM.exidx.text.HAL_DisableMemorySwappingBank), (8 bytes).
    Removing stm32f7xx_hal_i2c.o(.text), (0 bytes).
    Removing stm32f7xx_hal_i2c.o(.text.HAL_I2C_Init), (260 bytes).
    Removing stm32f7xx_hal_i2c.o(.ARM.exidx.text.HAL_I2C_Init), (8 bytes).
    Removing stm32f7xx_hal_i2c.o(.text.HAL_I2C_MspInit), (8 bytes).
    Removing stm32f7xx_hal_i2c.o(.ARM.exidx.text.HAL_I2C_MspInit), (8 bytes).
    Removing stm32f7xx_hal_i2c.o(.text.HAL_I2C_DeInit), (96 bytes).
    Removing stm32f7xx_hal_i2c.o(.ARM.exidx.text.HAL_I2C_DeInit), (8 bytes).
    Removing stm32f7xx_hal_i2c.o(.text.HAL_I2C_MspDeInit), (8 bytes).
    Removing stm32f7xx_hal_i2c.o(.ARM.exidx.text.HAL_I2C_MspDeInit), (8 bytes).
    Removing stm32f7xx_hal_i2c.o(.text.HAL_I2C_Master_Transmit), (538 bytes).
    Removing stm32f7xx_hal_i2c.o(.ARM.exidx.text.HAL_I2C_Master_Transmit), (8 bytes).
    Removing stm32f7xx_hal_i2c.o(.text.I2C_WaitOnFlagUntilTimeout), (144 bytes).
    Removing stm32f7xx_hal_i2c.o(.ARM.exidx.text.I2C_WaitOnFlagUntilTimeout), (8 bytes).
    Removing stm32f7xx_hal_i2c.o(.text.I2C_TransferConfig), (84 bytes).
    Removing stm32f7xx_hal_i2c.o(.ARM.exidx.text.I2C_TransferConfig), (8 bytes).
    Removing stm32f7xx_hal_i2c.o(.text.I2C_WaitOnTXISFlagUntilTimeout), (150 bytes).
    Removing stm32f7xx_hal_i2c.o(.ARM.exidx.text.I2C_WaitOnTXISFlagUntilTimeout), (8 bytes).
    Removing stm32f7xx_hal_i2c.o(.text.I2C_WaitOnSTOPFlagUntilTimeout), (140 bytes).
    Removing stm32f7xx_hal_i2c.o(.ARM.exidx.text.I2C_WaitOnSTOPFlagUntilTimeout), (8 bytes).
    Removing stm32f7xx_hal_i2c.o(.text.HAL_I2C_Master_Receive), (540 bytes).
    Removing stm32f7xx_hal_i2c.o(.ARM.exidx.text.HAL_I2C_Master_Receive), (8 bytes).
    Removing stm32f7xx_hal_i2c.o(.text.I2C_WaitOnRXNEFlagUntilTimeout), (292 bytes).
    Removing stm32f7xx_hal_i2c.o(.ARM.exidx.text.I2C_WaitOnRXNEFlagUntilTimeout), (8 bytes).
    Removing stm32f7xx_hal_i2c.o(.text.HAL_I2C_Slave_Transmit), (584 bytes).
    Removing stm32f7xx_hal_i2c.o(.ARM.exidx.text.HAL_I2C_Slave_Transmit), (8 bytes).
    Removing stm32f7xx_hal_i2c.o(.text.I2C_Flush_TXDR), (64 bytes).
    Removing stm32f7xx_hal_i2c.o(.ARM.exidx.text.I2C_Flush_TXDR), (8 bytes).
    Removing stm32f7xx_hal_i2c.o(.text.HAL_I2C_Slave_Receive), (544 bytes).
    Removing stm32f7xx_hal_i2c.o(.ARM.exidx.text.HAL_I2C_Slave_Receive), (8 bytes).
    Removing stm32f7xx_hal_i2c.o(.text.HAL_I2C_Master_Transmit_IT), (262 bytes).
    Removing stm32f7xx_hal_i2c.o(.ARM.exidx.text.HAL_I2C_Master_Transmit_IT), (8 bytes).
    Removing stm32f7xx_hal_i2c.o(.text.I2C_Master_ISR_IT), (692 bytes).
    Removing stm32f7xx_hal_i2c.o(.ARM.exidx.text.I2C_Master_ISR_IT), (8 bytes).
    Removing stm32f7xx_hal_i2c.o(.text.I2C_Enable_IRQ), (254 bytes).
    Removing stm32f7xx_hal_i2c.o(.ARM.exidx.text.I2C_Enable_IRQ), (8 bytes).
    Removing stm32f7xx_hal_i2c.o(.text.HAL_I2C_Master_Receive_IT), (262 bytes).
    Removing stm32f7xx_hal_i2c.o(.ARM.exidx.text.HAL_I2C_Master_Receive_IT), (8 bytes).
    Removing stm32f7xx_hal_i2c.o(.text.HAL_I2C_Slave_Transmit_IT), (182 bytes).
    Removing stm32f7xx_hal_i2c.o(.ARM.exidx.text.HAL_I2C_Slave_Transmit_IT), (8 bytes).
    Removing stm32f7xx_hal_i2c.o(.text.I2C_Slave_ISR_IT), (582 bytes).
    Removing stm32f7xx_hal_i2c.o(.ARM.exidx.text.I2C_Slave_ISR_IT), (8 bytes).
    Removing stm32f7xx_hal_i2c.o(.text.HAL_I2C_Slave_Receive_IT), (182 bytes).
    Removing stm32f7xx_hal_i2c.o(.ARM.exidx.text.HAL_I2C_Slave_Receive_IT), (8 bytes).
    Removing stm32f7xx_hal_i2c.o(.text.HAL_I2C_Master_Transmit_DMA), (538 bytes).
    Removing stm32f7xx_hal_i2c.o(.ARM.exidx.text.HAL_I2C_Master_Transmit_DMA), (8 bytes).
    Removing stm32f7xx_hal_i2c.o(.text.I2C_Master_ISR_DMA), (558 bytes).
    Removing stm32f7xx_hal_i2c.o(.ARM.exidx.text.I2C_Master_ISR_DMA), (8 bytes).
    Removing stm32f7xx_hal_i2c.o(.text.I2C_DMAMasterTransmitCplt), (128 bytes).
    Removing stm32f7xx_hal_i2c.o(.ARM.exidx.text.I2C_DMAMasterTransmitCplt), (8 bytes).
    Removing stm32f7xx_hal_i2c.o(.text.I2C_DMAError), (116 bytes).
    Removing stm32f7xx_hal_i2c.o(.ARM.exidx.text.I2C_DMAError), (8 bytes).
    Removing stm32f7xx_hal_i2c.o(.text.HAL_I2C_Master_Receive_DMA), (538 bytes).
    Removing stm32f7xx_hal_i2c.o(.ARM.exidx.text.HAL_I2C_Master_Receive_DMA), (8 bytes).
    Removing stm32f7xx_hal_i2c.o(.text.I2C_DMAMasterReceiveCplt), (128 bytes).
    Removing stm32f7xx_hal_i2c.o(.ARM.exidx.text.I2C_DMAMasterReceiveCplt), (8 bytes).
    Removing stm32f7xx_hal_i2c.o(.text.HAL_I2C_Slave_Transmit_DMA), (400 bytes).
    Removing stm32f7xx_hal_i2c.o(.ARM.exidx.text.HAL_I2C_Slave_Transmit_DMA), (8 bytes).
    Removing stm32f7xx_hal_i2c.o(.text.I2C_Slave_ISR_DMA), (572 bytes).
    Removing stm32f7xx_hal_i2c.o(.ARM.exidx.text.I2C_Slave_ISR_DMA), (8 bytes).
    Removing stm32f7xx_hal_i2c.o(.text.I2C_DMASlaveTransmitCplt), (60 bytes).
    Removing stm32f7xx_hal_i2c.o(.ARM.exidx.text.I2C_DMASlaveTransmitCplt), (8 bytes).
    Removing stm32f7xx_hal_i2c.o(.text.HAL_I2C_Slave_Receive_DMA), (400 bytes).
    Removing stm32f7xx_hal_i2c.o(.ARM.exidx.text.HAL_I2C_Slave_Receive_DMA), (8 bytes).
    Removing stm32f7xx_hal_i2c.o(.text.I2C_DMASlaveReceiveCplt), (66 bytes).
    Removing stm32f7xx_hal_i2c.o(.ARM.exidx.text.I2C_DMASlaveReceiveCplt), (8 bytes).
    Removing stm32f7xx_hal_i2c.o(.text.HAL_I2C_Mem_Write), (628 bytes).
    Removing stm32f7xx_hal_i2c.o(.ARM.exidx.text.HAL_I2C_Mem_Write), (8 bytes).
    Removing stm32f7xx_hal_i2c.o(.text.I2C_RequestMemoryWrite), (192 bytes).
    Removing stm32f7xx_hal_i2c.o(.ARM.exidx.text.I2C_RequestMemoryWrite), (8 bytes).
    Removing stm32f7xx_hal_i2c.o(.text.HAL_I2C_Mem_Read), (650 bytes).
    Removing stm32f7xx_hal_i2c.o(.ARM.exidx.text.HAL_I2C_Mem_Read), (8 bytes).
    Removing stm32f7xx_hal_i2c.o(.text.I2C_RequestMemoryRead), (190 bytes).
    Removing stm32f7xx_hal_i2c.o(.ARM.exidx.text.I2C_RequestMemoryRead), (8 bytes).
    Removing stm32f7xx_hal_i2c.o(.text.HAL_I2C_Mem_Write_IT), (328 bytes).
    Removing stm32f7xx_hal_i2c.o(.ARM.exidx.text.HAL_I2C_Mem_Write_IT), (8 bytes).
    Removing stm32f7xx_hal_i2c.o(.text.I2C_Mem_ISR_IT), (686 bytes).
    Removing stm32f7xx_hal_i2c.o(.ARM.exidx.text.I2C_Mem_ISR_IT), (8 bytes).
    Removing stm32f7xx_hal_i2c.o(.text.HAL_I2C_Mem_Read_IT), (326 bytes).
    Removing stm32f7xx_hal_i2c.o(.ARM.exidx.text.HAL_I2C_Mem_Read_IT), (8 bytes).
    Removing stm32f7xx_hal_i2c.o(.text.HAL_I2C_Mem_Write_DMA), (532 bytes).
    Removing stm32f7xx_hal_i2c.o(.ARM.exidx.text.HAL_I2C_Mem_Write_DMA), (8 bytes).
    Removing stm32f7xx_hal_i2c.o(.text.I2C_Mem_ISR_DMA), (662 bytes).
    Removing stm32f7xx_hal_i2c.o(.ARM.exidx.text.I2C_Mem_ISR_DMA), (8 bytes).
    Removing stm32f7xx_hal_i2c.o(.text.HAL_I2C_Mem_Read_DMA), (530 bytes).
    Removing stm32f7xx_hal_i2c.o(.ARM.exidx.text.HAL_I2C_Mem_Read_DMA), (8 bytes).
    Removing stm32f7xx_hal_i2c.o(.text.HAL_I2C_IsDeviceReady), (594 bytes).
    Removing stm32f7xx_hal_i2c.o(.ARM.exidx.text.HAL_I2C_IsDeviceReady), (8 bytes).
    Removing stm32f7xx_hal_i2c.o(.text.HAL_I2C_Master_Seq_Transmit_IT), (322 bytes).
    Removing stm32f7xx_hal_i2c.o(.ARM.exidx.text.HAL_I2C_Master_Seq_Transmit_IT), (8 bytes).
    Removing stm32f7xx_hal_i2c.o(.text.I2C_ConvertOtherXferOptions), (52 bytes).
    Removing stm32f7xx_hal_i2c.o(.ARM.exidx.text.I2C_ConvertOtherXferOptions), (8 bytes).
    Removing stm32f7xx_hal_i2c.o(.text.HAL_I2C_Master_Seq_Transmit_DMA), (596 bytes).
    Removing stm32f7xx_hal_i2c.o(.ARM.exidx.text.HAL_I2C_Master_Seq_Transmit_DMA), (8 bytes).
    Removing stm32f7xx_hal_i2c.o(.text.HAL_I2C_Master_Seq_Receive_IT), (322 bytes).
    Removing stm32f7xx_hal_i2c.o(.ARM.exidx.text.HAL_I2C_Master_Seq_Receive_IT), (8 bytes).
    Removing stm32f7xx_hal_i2c.o(.text.HAL_I2C_Master_Seq_Receive_DMA), (596 bytes).
    Removing stm32f7xx_hal_i2c.o(.ARM.exidx.text.HAL_I2C_Master_Seq_Receive_DMA), (8 bytes).
    Removing stm32f7xx_hal_i2c.o(.text.HAL_I2C_Slave_Seq_Transmit_IT), (374 bytes).
    Removing stm32f7xx_hal_i2c.o(.ARM.exidx.text.HAL_I2C_Slave_Seq_Transmit_IT), (8 bytes).
    Removing stm32f7xx_hal_i2c.o(.text.I2C_Disable_IRQ), (204 bytes).
    Removing stm32f7xx_hal_i2c.o(.ARM.exidx.text.I2C_Disable_IRQ), (8 bytes).
    Removing stm32f7xx_hal_i2c.o(.text.I2C_DMAAbort), (58 bytes).
    Removing stm32f7xx_hal_i2c.o(.ARM.exidx.text.I2C_DMAAbort), (8 bytes).
    Removing stm32f7xx_hal_i2c.o(.text.HAL_I2C_Slave_Seq_Transmit_DMA), (668 bytes).
    Removing stm32f7xx_hal_i2c.o(.ARM.exidx.text.HAL_I2C_Slave_Seq_Transmit_DMA), (8 bytes).
    Removing stm32f7xx_hal_i2c.o(.text.HAL_I2C_Slave_Seq_Receive_IT), (372 bytes).
    Removing stm32f7xx_hal_i2c.o(.ARM.exidx.text.HAL_I2C_Slave_Seq_Receive_IT), (8 bytes).
    Removing stm32f7xx_hal_i2c.o(.text.HAL_I2C_Slave_Seq_Receive_DMA), (668 bytes).
    Removing stm32f7xx_hal_i2c.o(.ARM.exidx.text.HAL_I2C_Slave_Seq_Receive_DMA), (8 bytes).
    Removing stm32f7xx_hal_i2c.o(.text.HAL_I2C_EnableListen_IT), (72 bytes).
    Removing stm32f7xx_hal_i2c.o(.ARM.exidx.text.HAL_I2C_EnableListen_IT), (8 bytes).
    Removing stm32f7xx_hal_i2c.o(.text.HAL_I2C_DisableListen_IT), (100 bytes).
    Removing stm32f7xx_hal_i2c.o(.ARM.exidx.text.HAL_I2C_DisableListen_IT), (8 bytes).
    Removing stm32f7xx_hal_i2c.o(.text.HAL_I2C_Master_Abort_IT), (196 bytes).
    Removing stm32f7xx_hal_i2c.o(.ARM.exidx.text.HAL_I2C_Master_Abort_IT), (8 bytes).
    Removing stm32f7xx_hal_i2c.o(.text.HAL_I2C_EV_IRQHandler), (46 bytes).
    Removing stm32f7xx_hal_i2c.o(.ARM.exidx.text.HAL_I2C_EV_IRQHandler), (8 bytes).
    Removing stm32f7xx_hal_i2c.o(.text.HAL_I2C_ER_IRQHandler), (208 bytes).
    Removing stm32f7xx_hal_i2c.o(.ARM.exidx.text.HAL_I2C_ER_IRQHandler), (8 bytes).
    Removing stm32f7xx_hal_i2c.o(.text.I2C_ITError), (422 bytes).
    Removing stm32f7xx_hal_i2c.o(.ARM.exidx.text.I2C_ITError), (8 bytes).
    Removing stm32f7xx_hal_i2c.o(.text.HAL_I2C_MasterTxCpltCallback), (8 bytes).
    Removing stm32f7xx_hal_i2c.o(.ARM.exidx.text.HAL_I2C_MasterTxCpltCallback), (8 bytes).
    Removing stm32f7xx_hal_i2c.o(.text.HAL_I2C_MasterRxCpltCallback), (8 bytes).
    Removing stm32f7xx_hal_i2c.o(.ARM.exidx.text.HAL_I2C_MasterRxCpltCallback), (8 bytes).
    Removing stm32f7xx_hal_i2c.o(.text.HAL_I2C_SlaveTxCpltCallback), (8 bytes).
    Removing stm32f7xx_hal_i2c.o(.ARM.exidx.text.HAL_I2C_SlaveTxCpltCallback), (8 bytes).
    Removing stm32f7xx_hal_i2c.o(.text.HAL_I2C_SlaveRxCpltCallback), (8 bytes).
    Removing stm32f7xx_hal_i2c.o(.ARM.exidx.text.HAL_I2C_SlaveRxCpltCallback), (8 bytes).
    Removing stm32f7xx_hal_i2c.o(.text.HAL_I2C_AddrCallback), (16 bytes).
    Removing stm32f7xx_hal_i2c.o(.ARM.exidx.text.HAL_I2C_AddrCallback), (8 bytes).
    Removing stm32f7xx_hal_i2c.o(.text.HAL_I2C_ListenCpltCallback), (8 bytes).
    Removing stm32f7xx_hal_i2c.o(.ARM.exidx.text.HAL_I2C_ListenCpltCallback), (8 bytes).
    Removing stm32f7xx_hal_i2c.o(.text.HAL_I2C_MemTxCpltCallback), (8 bytes).
    Removing stm32f7xx_hal_i2c.o(.ARM.exidx.text.HAL_I2C_MemTxCpltCallback), (8 bytes).
    Removing stm32f7xx_hal_i2c.o(.text.HAL_I2C_MemRxCpltCallback), (8 bytes).
    Removing stm32f7xx_hal_i2c.o(.ARM.exidx.text.HAL_I2C_MemRxCpltCallback), (8 bytes).
    Removing stm32f7xx_hal_i2c.o(.text.HAL_I2C_ErrorCallback), (8 bytes).
    Removing stm32f7xx_hal_i2c.o(.ARM.exidx.text.HAL_I2C_ErrorCallback), (8 bytes).
    Removing stm32f7xx_hal_i2c.o(.text.HAL_I2C_AbortCpltCallback), (8 bytes).
    Removing stm32f7xx_hal_i2c.o(.ARM.exidx.text.HAL_I2C_AbortCpltCallback), (8 bytes).
    Removing stm32f7xx_hal_i2c.o(.text.HAL_I2C_GetState), (14 bytes).
    Removing stm32f7xx_hal_i2c.o(.ARM.exidx.text.HAL_I2C_GetState), (8 bytes).
    Removing stm32f7xx_hal_i2c.o(.text.HAL_I2C_GetMode), (14 bytes).
    Removing stm32f7xx_hal_i2c.o(.ARM.exidx.text.HAL_I2C_GetMode), (8 bytes).
    Removing stm32f7xx_hal_i2c.o(.text.HAL_I2C_GetError), (12 bytes).
    Removing stm32f7xx_hal_i2c.o(.ARM.exidx.text.HAL_I2C_GetError), (8 bytes).
    Removing stm32f7xx_hal_i2c.o(.text.I2C_ITMasterSeqCplt), (126 bytes).
    Removing stm32f7xx_hal_i2c.o(.ARM.exidx.text.I2C_ITMasterSeqCplt), (8 bytes).
    Removing stm32f7xx_hal_i2c.o(.text.I2C_ITMasterCplt), (436 bytes).
    Removing stm32f7xx_hal_i2c.o(.ARM.exidx.text.I2C_ITMasterCplt), (8 bytes).
    Removing stm32f7xx_hal_i2c.o(.text.I2C_ITSlaveCplt), (558 bytes).
    Removing stm32f7xx_hal_i2c.o(.ARM.exidx.text.I2C_ITSlaveCplt), (8 bytes).
    Removing stm32f7xx_hal_i2c.o(.text.I2C_ITListenCplt), (156 bytes).
    Removing stm32f7xx_hal_i2c.o(.ARM.exidx.text.I2C_ITListenCplt), (8 bytes).
    Removing stm32f7xx_hal_i2c.o(.text.I2C_ITSlaveSeqCplt), (200 bytes).
    Removing stm32f7xx_hal_i2c.o(.ARM.exidx.text.I2C_ITSlaveSeqCplt), (8 bytes).
    Removing stm32f7xx_hal_i2c.o(.text.I2C_ITAddrCplt), (300 bytes).
    Removing stm32f7xx_hal_i2c.o(.ARM.exidx.text.I2C_ITAddrCplt), (8 bytes).
    Removing stm32f7xx_hal_i2c.o(.text.I2C_TreatErrorCallback), (82 bytes).
    Removing stm32f7xx_hal_i2c.o(.ARM.exidx.text.I2C_TreatErrorCallback), (8 bytes).
    Removing stm32f7xx_hal_i2c.o(.text.I2C_IsErrorOccurred), (510 bytes).
    Removing stm32f7xx_hal_i2c.o(.ARM.exidx.text.I2C_IsErrorOccurred), (8 bytes).
    Removing stm32f7xx_hal_i2c_ex.o(.text), (0 bytes).
    Removing stm32f7xx_hal_i2c_ex.o(.text.HAL_I2CEx_ConfigAnalogFilter), (152 bytes).
    Removing stm32f7xx_hal_i2c_ex.o(.ARM.exidx.text.HAL_I2CEx_ConfigAnalogFilter), (8 bytes).
    Removing stm32f7xx_hal_i2c_ex.o(.text.HAL_I2CEx_ConfigDigitalFilter), (162 bytes).
    Removing stm32f7xx_hal_i2c_ex.o(.ARM.exidx.text.HAL_I2CEx_ConfigDigitalFilter), (8 bytes).
    Removing stm32f7xx_hal_i2c_ex.o(.text.HAL_I2CEx_EnableFastModePlus), (54 bytes).
    Removing stm32f7xx_hal_i2c_ex.o(.ARM.exidx.text.HAL_I2CEx_EnableFastModePlus), (8 bytes).
    Removing stm32f7xx_hal_i2c_ex.o(.text.HAL_I2CEx_DisableFastModePlus), (54 bytes).
    Removing stm32f7xx_hal_i2c_ex.o(.ARM.exidx.text.HAL_I2CEx_DisableFastModePlus), (8 bytes).
    Removing stm32f7xx_hal_exti.o(.text), (0 bytes).
    Removing stm32f7xx_hal_exti.o(.text.HAL_EXTI_SetConfigLine), (358 bytes).
    Removing stm32f7xx_hal_exti.o(.ARM.exidx.text.HAL_EXTI_SetConfigLine), (8 bytes).
    Removing stm32f7xx_hal_exti.o(.text.HAL_EXTI_GetConfigLine), (266 bytes).
    Removing stm32f7xx_hal_exti.o(.ARM.exidx.text.HAL_EXTI_GetConfigLine), (8 bytes).
    Removing stm32f7xx_hal_exti.o(.text.HAL_EXTI_ClearConfigLine), (196 bytes).
    Removing stm32f7xx_hal_exti.o(.ARM.exidx.text.HAL_EXTI_ClearConfigLine), (8 bytes).
    Removing stm32f7xx_hal_exti.o(.text.HAL_EXTI_RegisterCallback), (48 bytes).
    Removing stm32f7xx_hal_exti.o(.ARM.exidx.text.HAL_EXTI_RegisterCallback), (8 bytes).
    Removing stm32f7xx_hal_exti.o(.text.HAL_EXTI_GetHandle), (42 bytes).
    Removing stm32f7xx_hal_exti.o(.ARM.exidx.text.HAL_EXTI_GetHandle), (8 bytes).
    Removing stm32f7xx_hal_exti.o(.text.HAL_EXTI_IRQHandler), (76 bytes).
    Removing stm32f7xx_hal_exti.o(.ARM.exidx.text.HAL_EXTI_IRQHandler), (8 bytes).
    Removing stm32f7xx_hal_exti.o(.text.HAL_EXTI_GetPending), (50 bytes).
    Removing stm32f7xx_hal_exti.o(.ARM.exidx.text.HAL_EXTI_GetPending), (8 bytes).
    Removing stm32f7xx_hal_exti.o(.text.HAL_EXTI_ClearPending), (36 bytes).
    Removing stm32f7xx_hal_exti.o(.ARM.exidx.text.HAL_EXTI_ClearPending), (8 bytes).
    Removing stm32f7xx_hal_exti.o(.text.HAL_EXTI_GenerateSWI), (34 bytes).
    Removing stm32f7xx_hal_exti.o(.ARM.exidx.text.HAL_EXTI_GenerateSWI), (8 bytes).
    Removing system_stm32f7xx.o(.text), (0 bytes).
    Removing system_stm32f7xx.o(.ARM.exidx.text.SystemInit), (8 bytes).
    Removing system_stm32f7xx.o(.text.SystemCoreClockUpdate), (302 bytes).
    Removing system_stm32f7xx.o(.ARM.exidx.text.SystemCoreClockUpdate), (8 bytes).

761 unused section(s) (total 63684 bytes) removed from the image.

==============================================================================

Image Symbol Table

    Local Symbols

    Symbol Name                              Value     Ov Type        Size  Object(Section)

    ../clib/division.s                       0x00000000   Number         0  aeabi_sdiv.o ABSOLUTE
    ../clib/microlib/division.c              0x00000000   Number         0  uldiv.o ABSOLUTE
    ../clib/microlib/division.c              0x00000000   Number         0  uidiv.o ABSOLUTE
    ../clib/microlib/init/entry.s            0x00000000   Number         0  entry.o ABSOLUTE
    ../clib/microlib/init/entry.s            0x00000000   Number         0  entry2.o ABSOLUTE
    ../clib/microlib/init/entry.s            0x00000000   Number         0  entry5.o ABSOLUTE
    ../clib/microlib/init/entry.s            0x00000000   Number         0  entry7a.o ABSOLUTE
    ../clib/microlib/init/entry.s            0x00000000   Number         0  entry7b.o ABSOLUTE
    ../clib/microlib/init/entry.s            0x00000000   Number         0  entry8a.o ABSOLUTE
    ../clib/microlib/init/entry.s            0x00000000   Number         0  entry8b.o ABSOLUTE
    ../clib/microlib/init/entry.s            0x00000000   Number         0  entry9a.o ABSOLUTE
    ../clib/microlib/init/entry.s            0x00000000   Number         0  entry9b.o ABSOLUTE
    ../clib/microlib/init/entry.s            0x00000000   Number         0  entry10a.o ABSOLUTE
    ../clib/microlib/init/entry.s            0x00000000   Number         0  entry10b.o ABSOLUTE
    ../clib/microlib/init/entry.s            0x00000000   Number         0  entry11a.o ABSOLUTE
    ../clib/microlib/init/entry.s            0x00000000   Number         0  entry11b.o ABSOLUTE
    ../clib/microlib/longlong.c              0x00000000   Number         0  llshl.o ABSOLUTE
    ../clib/microlib/longlong.c              0x00000000   Number         0  llushr.o ABSOLUTE
    ../clib/microlib/longlong.c              0x00000000   Number         0  llsshr.o ABSOLUTE
    ../clib/microlib/printf/printf.c         0x00000000   Number         0  printfa.o ABSOLUTE
    ../clib/microlib/stdio/streams.c         0x00000000   Number         0  stdout.o ABSOLUTE
    ../clib/microlib/string/memset.c         0x00000000   Number         0  memseta.o ABSOLUTE
    ../clib/microlib/string/strlen.c         0x00000000   Number         0  strlen.o ABSOLUTE
    ../clib/microlib/stubs.s                 0x00000000   Number         0  iusefp.o ABSOLUTE
    ../fplib/microlib/fpadd.c                0x00000000   Number         0  dadd.o ABSOLUTE
    ../fplib/microlib/fpdiv.c                0x00000000   Number         0  ddiv.o ABSOLUTE
    ../fplib/microlib/fpepilogue.c           0x00000000   Number         0  depilogue.o ABSOLUTE
    ../fplib/microlib/fpfix.c                0x00000000   Number         0  dfixul.o ABSOLUTE
    ../fplib/microlib/fpmul.c                0x00000000   Number         0  dmul.o ABSOLUTE
    bsp.c                                    0x00000000   Number         0  bsp.o ABSOLUTE
    bsp_uart_fifo.c                          0x00000000   Number         0  bsp_uart_fifo.o ABSOLUTE
    cdrcmple.s                               0x00000000   Number         0  cdrcmple.o ABSOLUTE
    dc.s                                     0x00000000   Number         0  dc.o ABSOLUTE
    handlers.s                               0x00000000   Number         0  handlers.o ABSOLUTE
    init.s                                   0x00000000   Number         0  init.o ABSOLUTE
    main.c                                   0x00000000   Number         0  main.o ABSOLUTE
    startup_stm32f767xx.s                    0x00000000   Number         0  startup_stm32f767xx.o ABSOLUTE
    stm32f7xx_hal.c                          0x00000000   Number         0  stm32f7xx_hal.o ABSOLUTE
    stm32f7xx_hal_cortex.c                   0x00000000   Number         0  stm32f7xx_hal_cortex.o ABSOLUTE
    stm32f7xx_hal_dma.c                      0x00000000   Number         0  stm32f7xx_hal_dma.o ABSOLUTE
    stm32f7xx_hal_dma_ex.c                   0x00000000   Number         0  stm32f7xx_hal_dma_ex.o ABSOLUTE
    stm32f7xx_hal_exti.c                     0x00000000   Number         0  stm32f7xx_hal_exti.o ABSOLUTE
    stm32f7xx_hal_flash.c                    0x00000000   Number         0  stm32f7xx_hal_flash.o ABSOLUTE
    stm32f7xx_hal_flash_ex.c                 0x00000000   Number         0  stm32f7xx_hal_flash_ex.o ABSOLUTE
    stm32f7xx_hal_gpio.c                     0x00000000   Number         0  stm32f7xx_hal_gpio.o ABSOLUTE
    stm32f7xx_hal_i2c.c                      0x00000000   Number         0  stm32f7xx_hal_i2c.o ABSOLUTE
    stm32f7xx_hal_i2c_ex.c                   0x00000000   Number         0  stm32f7xx_hal_i2c_ex.o ABSOLUTE
    stm32f7xx_hal_msp.c                      0x00000000   Number         0  stm32f7xx_hal_msp.o ABSOLUTE
    stm32f7xx_hal_pwr.c                      0x00000000   Number         0  stm32f7xx_hal_pwr.o ABSOLUTE
    stm32f7xx_hal_pwr_ex.c                   0x00000000   Number         0  stm32f7xx_hal_pwr_ex.o ABSOLUTE
    stm32f7xx_hal_rcc.c                      0x00000000   Number         0  stm32f7xx_hal_rcc.o ABSOLUTE
    stm32f7xx_hal_rcc_ex.c                   0x00000000   Number         0  stm32f7xx_hal_rcc_ex.o ABSOLUTE
    stm32f7xx_hal_tim.c                      0x00000000   Number         0  stm32f7xx_hal_tim.o ABSOLUTE
    stm32f7xx_hal_tim_ex.c                   0x00000000   Number         0  stm32f7xx_hal_tim_ex.o ABSOLUTE
    stm32f7xx_hal_uart.c                     0x00000000   Number         0  stm32f7xx_hal_uart.o ABSOLUTE
    stm32f7xx_hal_uart_ex.c                  0x00000000   Number         0  stm32f7xx_hal_uart_ex.o ABSOLUTE
    stm32f7xx_it.c                           0x00000000   Number         0  stm32f7xx_it.o ABSOLUTE
    system_stm32f7xx.c                       0x00000000   Number         0  system_stm32f7xx.o ABSOLUTE
    RESET                                    0x08000000   Section      504  startup_stm32f767xx.o(RESET)
    .ARM.Collect$$$$00000000                 0x080001f8   Section        0  entry.o(.ARM.Collect$$$$00000000)
    .ARM.Collect$$$$00000001                 0x080001f8   Section        4  entry2.o(.ARM.Collect$$$$00000001)
    .ARM.Collect$$$$00000004                 0x080001fc   Section        4  entry5.o(.ARM.Collect$$$$00000004)
    .ARM.Collect$$$$00000008                 0x08000200   Section        0  entry7b.o(.ARM.Collect$$$$00000008)
    .ARM.Collect$$$$0000000A                 0x08000200   Section        0  entry8b.o(.ARM.Collect$$$$0000000A)
    .ARM.Collect$$$$0000000B                 0x08000200   Section        8  entry9a.o(.ARM.Collect$$$$0000000B)
    __lit__00000000                          0x08000208   Data           4  entry2.o(.ARM.Collect$$$$00002712)
    .ARM.Collect$$$$0000000D                 0x08000208   Section        0  entry10a.o(.ARM.Collect$$$$0000000D)
    .ARM.Collect$$$$0000000F                 0x08000208   Section        0  entry11a.o(.ARM.Collect$$$$0000000F)
    .ARM.Collect$$$$00002712                 0x08000208   Section        4  entry2.o(.ARM.Collect$$$$00002712)
    $v0                                      0x0800020c   Number         0  startup_stm32f767xx.o(.text)
    .text                                    0x0800020c   Section       36  startup_stm32f767xx.o(.text)
    .text                                    0x08000230   Section        0  uldiv.o(.text)
    .text                                    0x08000292   Section        0  memseta.o(.text)
    .text                                    0x080002b6   Section        0  uidiv.o(.text)
    .text                                    0x080002e2   Section        0  llshl.o(.text)
    .text                                    0x08000300   Section        0  llushr.o(.text)
    .text                                    0x08000320   Section        0  iusefp.o(.text)
    .text                                    0x08000320   Section        0  dadd.o(.text)
    .text                                    0x0800046e   Section        0  dmul.o(.text)
    .text                                    0x08000552   Section        0  ddiv.o(.text)
    .text                                    0x08000630   Section        0  dfixul.o(.text)
    .text                                    0x08000660   Section       48  cdrcmple.o(.text)
    .text                                    0x08000690   Section       36  init.o(.text)
    .text                                    0x080006b4   Section        0  llsshr.o(.text)
    .text                                    0x080006d8   Section        0  depilogue.o(.text)
    [Anonymous Symbol]                       0x08000798   Section        0  stm32f7xx_it.o(.text.BusFault_Handler)
    CPU_CACHE_Enable                         0x080007a1   Thumb Code    12  bsp.o(.text.CPU_CACHE_Enable)
    [Anonymous Symbol]                       0x080007a0   Section        0  bsp.o(.text.CPU_CACHE_Enable)
    [Anonymous Symbol]                       0x080007b0   Section        0  bsp_uart_fifo.o(.text.ComToUart)
    [Anonymous Symbol]                       0x08000860   Section        0  stm32f7xx_it.o(.text.DebugMon_Handler)
    [Anonymous Symbol]                       0x08000868   Section        0  bsp.o(.text.Error_Handler)
    [Anonymous Symbol]                       0x08000880   Section        0  stm32f7xx_hal.o(.text.HAL_Delay)
    [Anonymous Symbol]                       0x080008c8   Section        0  stm32f7xx_hal_gpio.o(.text.HAL_GPIO_Init)
    [Anonymous Symbol]                       0x08000cb8   Section        0  stm32f7xx_hal.o(.text.HAL_GetTick)
    [Anonymous Symbol]                       0x08000cc8   Section        0  stm32f7xx_hal.o(.text.HAL_IncTick)
    [Anonymous Symbol]                       0x08000ce8   Section        0  stm32f7xx_hal.o(.text.HAL_Init)
    [Anonymous Symbol]                       0x08000d00   Section        0  stm32f7xx_hal.o(.text.HAL_InitTick)
    [Anonymous Symbol]                       0x08000d70   Section        0  stm32f7xx_hal_cortex.o(.text.HAL_MPU_ConfigRegion)
    [Anonymous Symbol]                       0x08000e10   Section        0  stm32f7xx_hal_cortex.o(.text.HAL_MPU_Disable)
    [Anonymous Symbol]                       0x08000e38   Section        0  stm32f7xx_hal_cortex.o(.text.HAL_MPU_Enable)
    [Anonymous Symbol]                       0x08000e68   Section        0  stm32f7xx_hal_msp.o(.text.HAL_MspInit)
    [Anonymous Symbol]                       0x08000eb0   Section        0  stm32f7xx_hal_cortex.o(.text.HAL_NVIC_EnableIRQ)
    [Anonymous Symbol]                       0x08000ec8   Section        0  stm32f7xx_hal_cortex.o(.text.HAL_NVIC_SetPriority)
    [Anonymous Symbol]                       0x08000f00   Section        0  stm32f7xx_hal_cortex.o(.text.HAL_NVIC_SetPriorityGrouping)
    [Anonymous Symbol]                       0x08000f10   Section        0  stm32f7xx_hal_pwr_ex.o(.text.HAL_PWREx_EnableOverDrive)
    [Anonymous Symbol]                       0x08000fd8   Section        0  stm32f7xx_hal_rcc_ex.o(.text.HAL_RCCEx_PeriphCLKConfig)
    [Anonymous Symbol]                       0x080018c0   Section        0  stm32f7xx_hal_rcc.o(.text.HAL_RCC_ClockConfig)
    [Anonymous Symbol]                       0x08001b30   Section        0  stm32f7xx_hal_rcc.o(.text.HAL_RCC_GetHCLKFreq)
    [Anonymous Symbol]                       0x08001b40   Section        0  stm32f7xx_hal_rcc.o(.text.HAL_RCC_GetPCLK1Freq)
    [Anonymous Symbol]                       0x08001b68   Section        0  stm32f7xx_hal_rcc.o(.text.HAL_RCC_GetPCLK2Freq)
    [Anonymous Symbol]                       0x08001b90   Section        0  stm32f7xx_hal_rcc.o(.text.HAL_RCC_GetSysClockFreq)
    [Anonymous Symbol]                       0x08001c78   Section        0  stm32f7xx_hal_rcc.o(.text.HAL_RCC_OscConfig)
    [Anonymous Symbol]                       0x080023a8   Section        0  stm32f7xx_hal_cortex.o(.text.HAL_SYSTICK_Config)
    [Anonymous Symbol]                       0x080023b8   Section        0  stm32f7xx_hal_uart.o(.text.HAL_UART_Init)
    [Anonymous Symbol]                       0x08002460   Section        0  stm32f7xx_hal_msp.o(.text.HAL_UART_MspInit)
    [Anonymous Symbol]                       0x08002590   Section        0  stm32f7xx_it.o(.text.HardFault_Handler)
    InitHardUart                             0x08002599   Thumb Code   552  bsp_uart_fifo.o(.text.InitHardUart)
    [Anonymous Symbol]                       0x08002598   Section        0  bsp_uart_fifo.o(.text.InitHardUart)
    MPU_Config                               0x080027c1   Thumb Code   150  bsp.o(.text.MPU_Config)
    [Anonymous Symbol]                       0x080027c0   Section        0  bsp.o(.text.MPU_Config)
    [Anonymous Symbol]                       0x08002858   Section        0  stm32f7xx_it.o(.text.MemManage_Handler)
    [Anonymous Symbol]                       0x08002860   Section        0  stm32f7xx_it.o(.text.NMI_Handler)
    NVIC_EncodePriority                      0x08002869   Thumb Code   108  stm32f7xx_hal_cortex.o(.text.NVIC_EncodePriority)
    [Anonymous Symbol]                       0x08002868   Section        0  stm32f7xx_hal_cortex.o(.text.NVIC_EncodePriority)
    [Anonymous Symbol]                       0x080028d8   Section        0  stm32f7xx_it.o(.text.PendSV_Handler)
    [Anonymous Symbol]                       0x080028e0   Section        0  bsp_uart_fifo.o(.text.RS485_ReciveNew)
    [Anonymous Symbol]                       0x080028f0   Section        0  bsp_uart_fifo.o(.text.RS485_SendBefor)
    [Anonymous Symbol]                       0x080028f8   Section        0  bsp_uart_fifo.o(.text.RS485_SendOver)
    SCB_EnableDCache                         0x08002901   Thumb Code   130  bsp.o(.text.SCB_EnableDCache)
    [Anonymous Symbol]                       0x08002900   Section        0  bsp.o(.text.SCB_EnableDCache)
    SCB_EnableICache                         0x08002989   Thumb Code    54  bsp.o(.text.SCB_EnableICache)
    [Anonymous Symbol]                       0x08002988   Section        0  bsp.o(.text.SCB_EnableICache)
    [Anonymous Symbol]                       0x080029c0   Section        0  stm32f7xx_it.o(.text.SVC_Handler)
    SysTick_Config                           0x080029c9   Thumb Code    82  stm32f7xx_hal_cortex.o(.text.SysTick_Config)
    [Anonymous Symbol]                       0x080029c8   Section        0  stm32f7xx_hal_cortex.o(.text.SysTick_Config)
    [Anonymous Symbol]                       0x08002a20   Section        0  stm32f7xx_it.o(.text.SysTick_Handler)
    [Anonymous Symbol]                       0x08002a28   Section        0  bsp.o(.text.SystemClock_Config)
    [Anonymous Symbol]                       0x08002b10   Section        0  system_stm32f7xx.o(.text.SystemInit)
    [Anonymous Symbol]                       0x08002b28   Section        0  stm32f7xx_hal_uart.o(.text.UART_AdvFeatureConfig)
    [Anonymous Symbol]                       0x08002c70   Section        0  stm32f7xx_hal_uart.o(.text.UART_CheckIdleState)
    [Anonymous Symbol]                       0x08002d20   Section        0  stm32f7xx_hal_uart.o(.text.UART_SetConfig)
    [Anonymous Symbol]                       0x08003260   Section        0  stm32f7xx_hal_uart.o(.text.UART_WaitOnFlagUntilTimeout)
    [Anonymous Symbol]                       0x080033d8   Section        0  bsp_uart_fifo.o(.text.USART1_IRQHandler)
    [Anonymous Symbol]                       0x080033e8   Section        0  bsp_uart_fifo.o(.text.USART3_IRQHandler)
    UartGetChar                              0x080033f9   Thumb Code   134  bsp_uart_fifo.o(.text.UartGetChar)
    [Anonymous Symbol]                       0x080033f8   Section        0  bsp_uart_fifo.o(.text.UartGetChar)
    UartIRQ                                  0x08003481   Thumb Code   518  bsp_uart_fifo.o(.text.UartIRQ)
    [Anonymous Symbol]                       0x08003480   Section        0  bsp_uart_fifo.o(.text.UartIRQ)
    UartSend                                 0x08003689   Thumb Code   228  bsp_uart_fifo.o(.text.UartSend)
    [Anonymous Symbol]                       0x08003688   Section        0  bsp_uart_fifo.o(.text.UartSend)
    UartVarInit                              0x08003771   Thumb Code   160  bsp_uart_fifo.o(.text.UartVarInit)
    [Anonymous Symbol]                       0x08003770   Section        0  bsp_uart_fifo.o(.text.UartVarInit)
    [Anonymous Symbol]                       0x08003810   Section        0  stm32f7xx_it.o(.text.UsageFault_Handler)
    __NVIC_EnableIRQ                         0x08003819   Thumb Code    48  stm32f7xx_hal_cortex.o(.text.__NVIC_EnableIRQ)
    [Anonymous Symbol]                       0x08003818   Section        0  stm32f7xx_hal_cortex.o(.text.__NVIC_EnableIRQ)
    __NVIC_GetPriorityGrouping               0x08003849   Thumb Code    16  stm32f7xx_hal_cortex.o(.text.__NVIC_GetPriorityGrouping)
    [Anonymous Symbol]                       0x08003848   Section        0  stm32f7xx_hal_cortex.o(.text.__NVIC_GetPriorityGrouping)
    __NVIC_SetPriority                       0x08003859   Thumb Code    66  stm32f7xx_hal_cortex.o(.text.__NVIC_SetPriority)
    [Anonymous Symbol]                       0x08003858   Section        0  stm32f7xx_hal_cortex.o(.text.__NVIC_SetPriority)
    __NVIC_SetPriorityGrouping               0x080038a1   Thumb Code    60  stm32f7xx_hal_cortex.o(.text.__NVIC_SetPriorityGrouping)
    [Anonymous Symbol]                       0x080038a0   Section        0  stm32f7xx_hal_cortex.o(.text.__NVIC_SetPriorityGrouping)
    [Anonymous Symbol]                       0x080038e0   Section        0  bsp.o(.text.bsp_Init)
    [Anonymous Symbol]                       0x080038f8   Section        0  bsp_uart_fifo.o(.text.bsp_InitUart)
    [Anonymous Symbol]                       0x08003908   Section        0  bsp_uart_fifo.o(.text.bsp_SetUartParam)
    [Anonymous Symbol]                       0x08003958   Section        0  bsp_uart_fifo.o(.text.comGetChar)
    [Anonymous Symbol]                       0x08003990   Section        0  bsp_uart_fifo.o(.text.comSendBuf)
    [Anonymous Symbol]                       0x080039d8   Section        0  bsp_uart_fifo.o(.text.comSendChar)
    [Anonymous Symbol]                       0x080039f8   Section        0  bsp_uart_fifo.o(.text.fputc)
    [Anonymous Symbol]                       0x08003a10   Section        0  main.o(.text.main)
    i.__0printf                              0x08003bb8   Section        0  printfa.o(i.__0printf)
    i.__scatterload_copy                     0x08003bd8   Section       14  handlers.o(i.__scatterload_copy)
    i.__scatterload_null                     0x08003be6   Section        2  handlers.o(i.__scatterload_null)
    i.__scatterload_zeroinit                 0x08003be8   Section       14  handlers.o(i.__scatterload_zeroinit)
    _fp_digits                               0x08003bf9   Thumb Code   366  printfa.o(i._fp_digits)
    i._fp_digits                             0x08003bf8   Section        0  printfa.o(i._fp_digits)
    _printf_core                             0x08003d7d   Thumb Code  1744  printfa.o(i._printf_core)
    i._printf_core                           0x08003d7c   Section        0  printfa.o(i._printf_core)
    _printf_post_padding                     0x08004459   Thumb Code    36  printfa.o(i._printf_post_padding)
    i._printf_post_padding                   0x08004458   Section        0  printfa.o(i._printf_post_padding)
    _printf_pre_padding                      0x0800447d   Thumb Code    46  printfa.o(i._printf_pre_padding)
    i._printf_pre_padding                    0x0800447c   Section        0  printfa.o(i._printf_pre_padding)
    .L.str                                   0x080044c2   Data          10  bsp.o(.rodata.str1.1)
    [Anonymous Symbol]                       0x080044c2   Section        0  bsp.o(.rodata.str1.1)
    .L.str                                   0x080044cc   Data          20  bsp_uart_fifo.o(.rodata.str1.1)
    [Anonymous Symbol]                       0x080044cc   Section        0  bsp_uart_fifo.o(.rodata.str1.1)
    .L.str.1                                 0x080044e0   Data           7  main.o(.rodata.str1.1)
    [Anonymous Symbol]                       0x080044e0   Section        0  main.o(.rodata.str1.1)
    .L.str.2                                 0x080044e7   Data          20  main.o(.rodata.str1.1)
    .L.str                                   0x080044fb   Data          20  main.o(.rodata.str1.1)
    .data                                    0x20000000   Section        4  stdout.o(.data)
    g_RxBuf1                                 0x20000010   Data        1024  bsp_uart_fifo.o(.bss.g_RxBuf1)
    [Anonymous Symbol]                       0x20000010   Section        0  bsp_uart_fifo.o(.bss.g_RxBuf1)
    g_RxBuf3                                 0x20000410   Data        1024  bsp_uart_fifo.o(.bss.g_RxBuf3)
    [Anonymous Symbol]                       0x20000410   Section        0  bsp_uart_fifo.o(.bss.g_RxBuf3)
    g_TxBuf1                                 0x20000810   Data        1024  bsp_uart_fifo.o(.bss.g_TxBuf1)
    [Anonymous Symbol]                       0x20000810   Section        0  bsp_uart_fifo.o(.bss.g_TxBuf1)
    g_TxBuf3                                 0x20000c10   Data        1024  bsp_uart_fifo.o(.bss.g_TxBuf3)
    [Anonymous Symbol]                       0x20000c10   Section        0  bsp_uart_fifo.o(.bss.g_TxBuf3)
    g_tUart1                                 0x20001010   Data          44  bsp_uart_fifo.o(.bss.g_tUart1)
    [Anonymous Symbol]                       0x20001010   Section        0  bsp_uart_fifo.o(.bss.g_tUart1)
    g_tUart3                                 0x2000103c   Data          44  bsp_uart_fifo.o(.bss.g_tUart3)
    [Anonymous Symbol]                       0x2000103c   Section        0  bsp_uart_fifo.o(.bss.g_tUart3)
    STACK                                    0x20001070   Section     2048  startup_stm32f767xx.o(STACK)

    Global Symbols

    Symbol Name                              Value     Ov Type        Size  Object(Section)

    BuildAttributes$$THM_ISAv4$E$P$D$K$B$S$7EM$VFPv5_D16$PE$PLD8$A:L22UL41UL21$X:L11$S22US41US21$IEEE1$IW$~IW$USESV6$~STKCKD$USESV7$~SHL$OSPACE$ROPI$EBA8$MICROLIB$REQ8$PRES8$EABIv2 0x00000000   Number         0  anon$$obj.o ABSOLUTE
    __cpp_initialize__aeabi_                  - Undefined Weak Reference
    __cxa_finalize                            - Undefined Weak Reference
    __decompress                              - Undefined Weak Reference
    _clock_init                               - Undefined Weak Reference
    _microlib_exit                            - Undefined Weak Reference
    __Vectors_Size                           0x000001f8   Number         0  startup_stm32f767xx.o ABSOLUTE
    __Vectors                                0x08000000   Data           4  startup_stm32f767xx.o(RESET)
    __Vectors_End                            0x080001f8   Data           0  startup_stm32f767xx.o(RESET)
    __main                                   0x080001f9   Thumb Code     0  entry.o(.ARM.Collect$$$$00000000)
    _main_stk                                0x080001f9   Thumb Code     0  entry2.o(.ARM.Collect$$$$00000001)
    _main_scatterload                        0x080001fd   Thumb Code     0  entry5.o(.ARM.Collect$$$$00000004)
    __main_after_scatterload                 0x08000201   Thumb Code     0  entry5.o(.ARM.Collect$$$$00000004)
    _main_clock                              0x08000201   Thumb Code     0  entry7b.o(.ARM.Collect$$$$00000008)
    _main_cpp_init                           0x08000201   Thumb Code     0  entry8b.o(.ARM.Collect$$$$0000000A)
    _main_init                               0x08000201   Thumb Code     0  entry9a.o(.ARM.Collect$$$$0000000B)
    __rt_final_cpp                           0x08000209   Thumb Code     0  entry10a.o(.ARM.Collect$$$$0000000D)
    __rt_final_exit                          0x08000209   Thumb Code     0  entry11a.o(.ARM.Collect$$$$0000000F)
    Reset_Handler                            0x0800020d   Thumb Code     8  startup_stm32f767xx.o(.text)
    ADC_IRQHandler                           0x08000227   Thumb Code     0  startup_stm32f767xx.o(.text)
    CAN1_RX0_IRQHandler                      0x08000227   Thumb Code     0  startup_stm32f767xx.o(.text)
    CAN1_RX1_IRQHandler                      0x08000227   Thumb Code     0  startup_stm32f767xx.o(.text)
    CAN1_SCE_IRQHandler                      0x08000227   Thumb Code     0  startup_stm32f767xx.o(.text)
    CAN1_TX_IRQHandler                       0x08000227   Thumb Code     0  startup_stm32f767xx.o(.text)
    CAN2_RX0_IRQHandler                      0x08000227   Thumb Code     0  startup_stm32f767xx.o(.text)
    CAN2_RX1_IRQHandler                      0x08000227   Thumb Code     0  startup_stm32f767xx.o(.text)
    CAN2_SCE_IRQHandler                      0x08000227   Thumb Code     0  startup_stm32f767xx.o(.text)
    CAN2_TX_IRQHandler                       0x08000227   Thumb Code     0  startup_stm32f767xx.o(.text)
    CAN3_RX0_IRQHandler                      0x08000227   Thumb Code     0  startup_stm32f767xx.o(.text)
    CAN3_RX1_IRQHandler                      0x08000227   Thumb Code     0  startup_stm32f767xx.o(.text)
    CAN3_SCE_IRQHandler                      0x08000227   Thumb Code     0  startup_stm32f767xx.o(.text)
    CAN3_TX_IRQHandler                       0x08000227   Thumb Code     0  startup_stm32f767xx.o(.text)
    CEC_IRQHandler                           0x08000227   Thumb Code     0  startup_stm32f767xx.o(.text)
    DCMI_IRQHandler                          0x08000227   Thumb Code     0  startup_stm32f767xx.o(.text)
    DFSDM1_FLT0_IRQHandler                   0x08000227   Thumb Code     0  startup_stm32f767xx.o(.text)
    DFSDM1_FLT1_IRQHandler                   0x08000227   Thumb Code     0  startup_stm32f767xx.o(.text)
    DFSDM1_FLT2_IRQHandler                   0x08000227   Thumb Code     0  startup_stm32f767xx.o(.text)
    DFSDM1_FLT3_IRQHandler                   0x08000227   Thumb Code     0  startup_stm32f767xx.o(.text)
    DMA1_Stream0_IRQHandler                  0x08000227   Thumb Code     0  startup_stm32f767xx.o(.text)
    DMA1_Stream1_IRQHandler                  0x08000227   Thumb Code     0  startup_stm32f767xx.o(.text)
    DMA1_Stream2_IRQHandler                  0x08000227   Thumb Code     0  startup_stm32f767xx.o(.text)
    DMA1_Stream3_IRQHandler                  0x08000227   Thumb Code     0  startup_stm32f767xx.o(.text)
    DMA1_Stream4_IRQHandler                  0x08000227   Thumb Code     0  startup_stm32f767xx.o(.text)
    DMA1_Stream5_IRQHandler                  0x08000227   Thumb Code     0  startup_stm32f767xx.o(.text)
    DMA1_Stream6_IRQHandler                  0x08000227   Thumb Code     0  startup_stm32f767xx.o(.text)
    DMA1_Stream7_IRQHandler                  0x08000227   Thumb Code     0  startup_stm32f767xx.o(.text)
    DMA2D_IRQHandler                         0x08000227   Thumb Code     0  startup_stm32f767xx.o(.text)
    DMA2_Stream0_IRQHandler                  0x08000227   Thumb Code     0  startup_stm32f767xx.o(.text)
    DMA2_Stream1_IRQHandler                  0x08000227   Thumb Code     0  startup_stm32f767xx.o(.text)
    DMA2_Stream2_IRQHandler                  0x08000227   Thumb Code     0  startup_stm32f767xx.o(.text)
    DMA2_Stream3_IRQHandler                  0x08000227   Thumb Code     0  startup_stm32f767xx.o(.text)
    DMA2_Stream4_IRQHandler                  0x08000227   Thumb Code     0  startup_stm32f767xx.o(.text)
    DMA2_Stream5_IRQHandler                  0x08000227   Thumb Code     0  startup_stm32f767xx.o(.text)
    DMA2_Stream6_IRQHandler                  0x08000227   Thumb Code     0  startup_stm32f767xx.o(.text)
    DMA2_Stream7_IRQHandler                  0x08000227   Thumb Code     0  startup_stm32f767xx.o(.text)
    ETH_IRQHandler                           0x08000227   Thumb Code     0  startup_stm32f767xx.o(.text)
    ETH_WKUP_IRQHandler                      0x08000227   Thumb Code     0  startup_stm32f767xx.o(.text)
    EXTI0_IRQHandler                         0x08000227   Thumb Code     0  startup_stm32f767xx.o(.text)
    EXTI15_10_IRQHandler                     0x08000227   Thumb Code     0  startup_stm32f767xx.o(.text)
    EXTI1_IRQHandler                         0x08000227   Thumb Code     0  startup_stm32f767xx.o(.text)
    EXTI2_IRQHandler                         0x08000227   Thumb Code     0  startup_stm32f767xx.o(.text)
    EXTI3_IRQHandler                         0x08000227   Thumb Code     0  startup_stm32f767xx.o(.text)
    EXTI4_IRQHandler                         0x08000227   Thumb Code     0  startup_stm32f767xx.o(.text)
    EXTI9_5_IRQHandler                       0x08000227   Thumb Code     0  startup_stm32f767xx.o(.text)
    FLASH_IRQHandler                         0x08000227   Thumb Code     0  startup_stm32f767xx.o(.text)
    FMC_IRQHandler                           0x08000227   Thumb Code     0  startup_stm32f767xx.o(.text)
    FPU_IRQHandler                           0x08000227   Thumb Code     0  startup_stm32f767xx.o(.text)
    I2C1_ER_IRQHandler                       0x08000227   Thumb Code     0  startup_stm32f767xx.o(.text)
    I2C1_EV_IRQHandler                       0x08000227   Thumb Code     0  startup_stm32f767xx.o(.text)
    I2C2_ER_IRQHandler                       0x08000227   Thumb Code     0  startup_stm32f767xx.o(.text)
    I2C2_EV_IRQHandler                       0x08000227   Thumb Code     0  startup_stm32f767xx.o(.text)
    I2C3_ER_IRQHandler                       0x08000227   Thumb Code     0  startup_stm32f767xx.o(.text)
    I2C3_EV_IRQHandler                       0x08000227   Thumb Code     0  startup_stm32f767xx.o(.text)
    I2C4_ER_IRQHandler                       0x08000227   Thumb Code     0  startup_stm32f767xx.o(.text)
    I2C4_EV_IRQHandler                       0x08000227   Thumb Code     0  startup_stm32f767xx.o(.text)
    JPEG_IRQHandler                          0x08000227   Thumb Code     0  startup_stm32f767xx.o(.text)
    LPTIM1_IRQHandler                        0x08000227   Thumb Code     0  startup_stm32f767xx.o(.text)
    LTDC_ER_IRQHandler                       0x08000227   Thumb Code     0  startup_stm32f767xx.o(.text)
    LTDC_IRQHandler                          0x08000227   Thumb Code     0  startup_stm32f767xx.o(.text)
    MDIOS_IRQHandler                         0x08000227   Thumb Code     0  startup_stm32f767xx.o(.text)
    OTG_FS_IRQHandler                        0x08000227   Thumb Code     0  startup_stm32f767xx.o(.text)
    OTG_FS_WKUP_IRQHandler                   0x08000227   Thumb Code     0  startup_stm32f767xx.o(.text)
    OTG_HS_EP1_IN_IRQHandler                 0x08000227   Thumb Code     0  startup_stm32f767xx.o(.text)
    OTG_HS_EP1_OUT_IRQHandler                0x08000227   Thumb Code     0  startup_stm32f767xx.o(.text)
    OTG_HS_IRQHandler                        0x08000227   Thumb Code     0  startup_stm32f767xx.o(.text)
    OTG_HS_WKUP_IRQHandler                   0x08000227   Thumb Code     0  startup_stm32f767xx.o(.text)
    PVD_IRQHandler                           0x08000227   Thumb Code     0  startup_stm32f767xx.o(.text)
    QUADSPI_IRQHandler                       0x08000227   Thumb Code     0  startup_stm32f767xx.o(.text)
    RCC_IRQHandler                           0x08000227   Thumb Code     0  startup_stm32f767xx.o(.text)
    RNG_IRQHandler                           0x08000227   Thumb Code     0  startup_stm32f767xx.o(.text)
    RTC_Alarm_IRQHandler                     0x08000227   Thumb Code     0  startup_stm32f767xx.o(.text)
    RTC_WKUP_IRQHandler                      0x08000227   Thumb Code     0  startup_stm32f767xx.o(.text)
    SAI1_IRQHandler                          0x08000227   Thumb Code     0  startup_stm32f767xx.o(.text)
    SAI2_IRQHandler                          0x08000227   Thumb Code     0  startup_stm32f767xx.o(.text)
    SDMMC1_IRQHandler                        0x08000227   Thumb Code     0  startup_stm32f767xx.o(.text)
    SDMMC2_IRQHandler                        0x08000227   Thumb Code     0  startup_stm32f767xx.o(.text)
    SPDIF_RX_IRQHandler                      0x08000227   Thumb Code     0  startup_stm32f767xx.o(.text)
    SPI1_IRQHandler                          0x08000227   Thumb Code     0  startup_stm32f767xx.o(.text)
    SPI2_IRQHandler                          0x08000227   Thumb Code     0  startup_stm32f767xx.o(.text)
    SPI3_IRQHandler                          0x08000227   Thumb Code     0  startup_stm32f767xx.o(.text)
    SPI4_IRQHandler                          0x08000227   Thumb Code     0  startup_stm32f767xx.o(.text)
    SPI5_IRQHandler                          0x08000227   Thumb Code     0  startup_stm32f767xx.o(.text)
    SPI6_IRQHandler                          0x08000227   Thumb Code     0  startup_stm32f767xx.o(.text)
    TAMP_STAMP_IRQHandler                    0x08000227   Thumb Code     0  startup_stm32f767xx.o(.text)
    TIM1_BRK_TIM9_IRQHandler                 0x08000227   Thumb Code     0  startup_stm32f767xx.o(.text)
    TIM1_CC_IRQHandler                       0x08000227   Thumb Code     0  startup_stm32f767xx.o(.text)
    TIM1_TRG_COM_TIM11_IRQHandler            0x08000227   Thumb Code     0  startup_stm32f767xx.o(.text)
    TIM1_UP_TIM10_IRQHandler                 0x08000227   Thumb Code     0  startup_stm32f767xx.o(.text)
    TIM2_IRQHandler                          0x08000227   Thumb Code     0  startup_stm32f767xx.o(.text)
    TIM3_IRQHandler                          0x08000227   Thumb Code     0  startup_stm32f767xx.o(.text)
    TIM4_IRQHandler                          0x08000227   Thumb Code     0  startup_stm32f767xx.o(.text)
    TIM5_IRQHandler                          0x08000227   Thumb Code     0  startup_stm32f767xx.o(.text)
    TIM6_DAC_IRQHandler                      0x08000227   Thumb Code     0  startup_stm32f767xx.o(.text)
    TIM7_IRQHandler                          0x08000227   Thumb Code     0  startup_stm32f767xx.o(.text)
    TIM8_BRK_TIM12_IRQHandler                0x08000227   Thumb Code     0  startup_stm32f767xx.o(.text)
    TIM8_CC_IRQHandler                       0x08000227   Thumb Code     0  startup_stm32f767xx.o(.text)
    TIM8_TRG_COM_TIM14_IRQHandler            0x08000227   Thumb Code     0  startup_stm32f767xx.o(.text)
    TIM8_UP_TIM13_IRQHandler                 0x08000227   Thumb Code     0  startup_stm32f767xx.o(.text)
    UART4_IRQHandler                         0x08000227   Thumb Code     0  startup_stm32f767xx.o(.text)
    UART5_IRQHandler                         0x08000227   Thumb Code     0  startup_stm32f767xx.o(.text)
    UART7_IRQHandler                         0x08000227   Thumb Code     0  startup_stm32f767xx.o(.text)
    UART8_IRQHandler                         0x08000227   Thumb Code     0  startup_stm32f767xx.o(.text)
    USART2_IRQHandler                        0x08000227   Thumb Code     0  startup_stm32f767xx.o(.text)
    USART6_IRQHandler                        0x08000227   Thumb Code     0  startup_stm32f767xx.o(.text)
    WWDG_IRQHandler                          0x08000227   Thumb Code     0  startup_stm32f767xx.o(.text)
    __aeabi_uldivmod                         0x08000231   Thumb Code    98  uldiv.o(.text)
    __aeabi_memset                           0x08000293   Thumb Code    14  memseta.o(.text)
    __aeabi_memset4                          0x08000293   Thumb Code     0  memseta.o(.text)
    __aeabi_memset8                          0x08000293   Thumb Code     0  memseta.o(.text)
    __aeabi_memclr                           0x080002a1   Thumb Code     4  memseta.o(.text)
    __aeabi_memclr4                          0x080002a1   Thumb Code     0  memseta.o(.text)
    __aeabi_memclr8                          0x080002a1   Thumb Code     0  memseta.o(.text)
    _memset$wrapper                          0x080002a5   Thumb Code    18  memseta.o(.text)
    __aeabi_uidiv                            0x080002b7   Thumb Code     0  uidiv.o(.text)
    __aeabi_uidivmod                         0x080002b7   Thumb Code    44  uidiv.o(.text)
    __aeabi_llsl                             0x080002e3   Thumb Code    30  llshl.o(.text)
    _ll_shift_l                              0x080002e3   Thumb Code     0  llshl.o(.text)
    __aeabi_llsr                             0x08000301   Thumb Code    32  llushr.o(.text)
    _ll_ushift_r                             0x08000301   Thumb Code     0  llushr.o(.text)
    __I$use$fp                               0x08000321   Thumb Code     0  iusefp.o(.text)
    __aeabi_dadd                             0x08000321   Thumb Code   322  dadd.o(.text)
    __aeabi_dsub                             0x08000463   Thumb Code     6  dadd.o(.text)
    __aeabi_drsub                            0x08000469   Thumb Code     6  dadd.o(.text)
    __aeabi_dmul                             0x0800046f   Thumb Code   228  dmul.o(.text)
    __aeabi_ddiv                             0x08000553   Thumb Code   222  ddiv.o(.text)
    __aeabi_d2ulz                            0x08000631   Thumb Code    48  dfixul.o(.text)
    __aeabi_cdrcmple                         0x08000661   Thumb Code    48  cdrcmple.o(.text)
    __scatterload                            0x08000691   Thumb Code    28  init.o(.text)
    __scatterload_rt2                        0x08000691   Thumb Code     0  init.o(.text)
    __aeabi_lasr                             0x080006b5   Thumb Code    36  llsshr.o(.text)
    _ll_sshift_r                             0x080006b5   Thumb Code     0  llsshr.o(.text)
    _double_round                            0x080006d9   Thumb Code    30  depilogue.o(.text)
    _double_epilogue                         0x080006f7   Thumb Code   156  depilogue.o(.text)
    BusFault_Handler                         0x08000799   Thumb Code     4  stm32f7xx_it.o(.text.BusFault_Handler)
    ComToUart                                0x080007b1   Thumb Code   174  bsp_uart_fifo.o(.text.ComToUart)
    DebugMon_Handler                         0x08000861   Thumb Code     2  stm32f7xx_it.o(.text.DebugMon_Handler)
    Error_Handler                            0x08000869   Thumb Code    20  bsp.o(.text.Error_Handler)
    HAL_Delay                                0x08000881   Thumb Code    66  stm32f7xx_hal.o(.text.HAL_Delay)
    HAL_GPIO_Init                            0x080008c9   Thumb Code  1004  stm32f7xx_hal_gpio.o(.text.HAL_GPIO_Init)
    HAL_GetTick                              0x08000cb9   Thumb Code    12  stm32f7xx_hal.o(.text.HAL_GetTick)
    HAL_IncTick                              0x08000cc9   Thumb Code    26  stm32f7xx_hal.o(.text.HAL_IncTick)
    HAL_Init                                 0x08000ce9   Thumb Code    22  stm32f7xx_hal.o(.text.HAL_Init)
    HAL_InitTick                             0x08000d01   Thumb Code   112  stm32f7xx_hal.o(.text.HAL_InitTick)
    HAL_MPU_ConfigRegion                     0x08000d71   Thumb Code   158  stm32f7xx_hal_cortex.o(.text.HAL_MPU_ConfigRegion)
    HAL_MPU_Disable                          0x08000e11   Thumb Code    34  stm32f7xx_hal_cortex.o(.text.HAL_MPU_Disable)
    HAL_MPU_Enable                           0x08000e39   Thumb Code    48  stm32f7xx_hal_cortex.o(.text.HAL_MPU_Enable)
    HAL_MspInit                              0x08000e69   Thumb Code    66  stm32f7xx_hal_msp.o(.text.HAL_MspInit)
    HAL_NVIC_EnableIRQ                       0x08000eb1   Thumb Code    20  stm32f7xx_hal_cortex.o(.text.HAL_NVIC_EnableIRQ)
    HAL_NVIC_SetPriority                     0x08000ec9   Thumb Code    50  stm32f7xx_hal_cortex.o(.text.HAL_NVIC_SetPriority)
    HAL_NVIC_SetPriorityGrouping             0x08000f01   Thumb Code    16  stm32f7xx_hal_cortex.o(.text.HAL_NVIC_SetPriorityGrouping)
    HAL_PWREx_EnableOverDrive                0x08000f11   Thumb Code   198  stm32f7xx_hal_pwr_ex.o(.text.HAL_PWREx_EnableOverDrive)
    HAL_RCCEx_PeriphCLKConfig                0x08000fd9   Thumb Code  2276  stm32f7xx_hal_rcc_ex.o(.text.HAL_RCCEx_PeriphCLKConfig)
    HAL_RCC_ClockConfig                      0x080018c1   Thumb Code   620  stm32f7xx_hal_rcc.o(.text.HAL_RCC_ClockConfig)
    HAL_RCC_GetHCLKFreq                      0x08001b31   Thumb Code    12  stm32f7xx_hal_rcc.o(.text.HAL_RCC_GetHCLKFreq)
    HAL_RCC_GetPCLK1Freq                     0x08001b41   Thumb Code    34  stm32f7xx_hal_rcc.o(.text.HAL_RCC_GetPCLK1Freq)
    HAL_RCC_GetPCLK2Freq                     0x08001b69   Thumb Code    34  stm32f7xx_hal_rcc.o(.text.HAL_RCC_GetPCLK2Freq)
    HAL_RCC_GetSysClockFreq                  0x08001b91   Thumb Code   230  stm32f7xx_hal_rcc.o(.text.HAL_RCC_GetSysClockFreq)
    HAL_RCC_OscConfig                        0x08001c79   Thumb Code  1836  stm32f7xx_hal_rcc.o(.text.HAL_RCC_OscConfig)
    HAL_SYSTICK_Config                       0x080023a9   Thumb Code    16  stm32f7xx_hal_cortex.o(.text.HAL_SYSTICK_Config)
    HAL_UART_Init                            0x080023b9   Thumb Code   166  stm32f7xx_hal_uart.o(.text.HAL_UART_Init)
    HAL_UART_MspInit                         0x08002461   Thumb Code   304  stm32f7xx_hal_msp.o(.text.HAL_UART_MspInit)
    HardFault_Handler                        0x08002591   Thumb Code     4  stm32f7xx_it.o(.text.HardFault_Handler)
    MemManage_Handler                        0x08002859   Thumb Code     4  stm32f7xx_it.o(.text.MemManage_Handler)
    NMI_Handler                              0x08002861   Thumb Code     4  stm32f7xx_it.o(.text.NMI_Handler)
    PendSV_Handler                           0x080028d9   Thumb Code     2  stm32f7xx_it.o(.text.PendSV_Handler)
    RS485_ReciveNew                          0x080028e1   Thumb Code    10  bsp_uart_fifo.o(.text.RS485_ReciveNew)
    RS485_SendBefor                          0x080028f1   Thumb Code     2  bsp_uart_fifo.o(.text.RS485_SendBefor)
    RS485_SendOver                           0x080028f9   Thumb Code     2  bsp_uart_fifo.o(.text.RS485_SendOver)
    SVC_Handler                              0x080029c1   Thumb Code     2  stm32f7xx_it.o(.text.SVC_Handler)
    SysTick_Handler                          0x08002a21   Thumb Code     8  stm32f7xx_it.o(.text.SysTick_Handler)
    SystemClock_Config                       0x08002a29   Thumb Code   226  bsp.o(.text.SystemClock_Config)
    SystemInit                               0x08002b11   Thumb Code    18  system_stm32f7xx.o(.text.SystemInit)
    UART_AdvFeatureConfig                    0x08002b29   Thumb Code   328  stm32f7xx_hal_uart.o(.text.UART_AdvFeatureConfig)
    UART_CheckIdleState                      0x08002c71   Thumb Code   170  stm32f7xx_hal_uart.o(.text.UART_CheckIdleState)
    UART_SetConfig                           0x08002d21   Thumb Code  1344  stm32f7xx_hal_uart.o(.text.UART_SetConfig)
    UART_WaitOnFlagUntilTimeout              0x08003261   Thumb Code   372  stm32f7xx_hal_uart.o(.text.UART_WaitOnFlagUntilTimeout)
    USART1_IRQHandler                        0x080033d9   Thumb Code    16  bsp_uart_fifo.o(.text.USART1_IRQHandler)
    USART3_IRQHandler                        0x080033e9   Thumb Code    16  bsp_uart_fifo.o(.text.USART3_IRQHandler)
    UsageFault_Handler                       0x08003811   Thumb Code     4  stm32f7xx_it.o(.text.UsageFault_Handler)
    bsp_Init                                 0x080038e1   Thumb Code    24  bsp.o(.text.bsp_Init)
    bsp_InitUart                             0x080038f9   Thumb Code    12  bsp_uart_fifo.o(.text.bsp_InitUart)
    bsp_SetUartParam                         0x08003909   Thumb Code    74  bsp_uart_fifo.o(.text.bsp_SetUartParam)
    comGetChar                               0x08003959   Thumb Code    56  bsp_uart_fifo.o(.text.comGetChar)
    comSendBuf                               0x08003991   Thumb Code    66  bsp_uart_fifo.o(.text.comSendBuf)
    comSendChar                              0x080039d9   Thumb Code    30  bsp_uart_fifo.o(.text.comSendChar)
    fputc                                    0x080039f9   Thumb Code    24  bsp_uart_fifo.o(.text.fputc)
    main                                     0x08003a11   Thumb Code   422  main.o(.text.main)
    __0printf                                0x08003bb9   Thumb Code    22  printfa.o(i.__0printf)
    __1printf                                0x08003bb9   Thumb Code     0  printfa.o(i.__0printf)
    __2printf                                0x08003bb9   Thumb Code     0  printfa.o(i.__0printf)
    __c89printf                              0x08003bb9   Thumb Code     0  printfa.o(i.__0printf)
    printf                                   0x08003bb9   Thumb Code     0  printfa.o(i.__0printf)
    __scatterload_copy                       0x08003bd9   Thumb Code    14  handlers.o(i.__scatterload_copy)
    __scatterload_null                       0x08003be7   Thumb Code     2  handlers.o(i.__scatterload_null)
    __scatterload_zeroinit                   0x08003be9   Thumb Code    14  handlers.o(i.__scatterload_zeroinit)
    AHBPrescTable                            0x080044aa   Data          16  system_stm32f7xx.o(.rodata.AHBPrescTable)
    APBPrescTable                            0x080044ba   Data           8  system_stm32f7xx.o(.rodata.APBPrescTable)
    Region$$Table$$Base                      0x08004510   Number         0  anon$$obj.o(Region$$Table)
    Region$$Table$$Limit                     0x08004530   Number         0  anon$$obj.o(Region$$Table)
    __stdout                                 0x20000000   Data           4  stdout.o(.data)
    SystemCoreClock                          0x20000004   Data           4  system_stm32f7xx.o(.data.SystemCoreClock)
    uwTickFreq                               0x20000008   Data           1  stm32f7xx_hal.o(.data.uwTickFreq)
    uwTickPrio                               0x2000000c   Data           4  stm32f7xx_hal.o(.data.uwTickPrio)
    uwTick                                   0x20001068   Data           4  stm32f7xx_hal.o(.bss.uwTick)
    __initial_sp                             0x20001870   Data           0  startup_stm32f767xx.o(STACK)



==============================================================================

Memory Map of the image

  Image Entry point : 0x080001f9

  Load Region LR_IROM1 (Base: 0x08000000, Size: 0x00004540, Max: 0x00100000, ABSOLUTE)

    Execution Region ER_IROM1 (Exec base: 0x08000000, Load base: 0x08000000, Size: 0x00004530, Max: 0x00100000, ABSOLUTE)

    Exec Addr    Load Addr    Size         Type   Attr      Idx    E Section Name        Object

    0x08000000   0x08000000   0x000001f8   Data   RO           99    RESET               startup_stm32f767xx.o
    0x080001f8   0x080001f8   0x00000000   Code   RO          985  * .ARM.Collect$$$$00000000  mc_w.l(entry.o)
    0x080001f8   0x080001f8   0x00000004   Code   RO         1022    .ARM.Collect$$$$00000001  mc_w.l(entry2.o)
    0x080001fc   0x080001fc   0x00000004   Code   RO         1025    .ARM.Collect$$$$00000004  mc_w.l(entry5.o)
    0x08000200   0x08000200   0x00000000   Code   RO         1027    .ARM.Collect$$$$00000008  mc_w.l(entry7b.o)
    0x08000200   0x08000200   0x00000000   Code   RO         1029    .ARM.Collect$$$$0000000A  mc_w.l(entry8b.o)
    0x08000200   0x08000200   0x00000008   Code   RO         1030    .ARM.Collect$$$$0000000B  mc_w.l(entry9a.o)
    0x08000208   0x08000208   0x00000000   Code   RO         1032    .ARM.Collect$$$$0000000D  mc_w.l(entry10a.o)
    0x08000208   0x08000208   0x00000000   Code   RO         1034    .ARM.Collect$$$$0000000F  mc_w.l(entry11a.o)
    0x08000208   0x08000208   0x00000004   Code   RO         1023    .ARM.Collect$$$$00002712  mc_w.l(entry2.o)
    0x0800020c   0x0800020c   0x00000024   Code   RO          100    .text               startup_stm32f767xx.o
    0x08000230   0x08000230   0x00000062   Code   RO          988    .text               mc_w.l(uldiv.o)
    0x08000292   0x08000292   0x00000024   Code   RO          990    .text               mc_w.l(memseta.o)
    0x080002b6   0x080002b6   0x0000002c   Code   RO         1046    .text               mc_w.l(uidiv.o)
    0x080002e2   0x080002e2   0x0000001e   Code   RO         1048    .text               mc_w.l(llshl.o)
    0x08000300   0x08000300   0x00000020   Code   RO         1050    .text               mc_w.l(llushr.o)
    0x08000320   0x08000320   0x00000000   Code   RO         1052    .text               mc_w.l(iusefp.o)
    0x08000320   0x08000320   0x0000014e   Code   RO         1053    .text               mf_w.l(dadd.o)
    0x0800046e   0x0800046e   0x000000e4   Code   RO         1055    .text               mf_w.l(dmul.o)
    0x08000552   0x08000552   0x000000de   Code   RO         1057    .text               mf_w.l(ddiv.o)
    0x08000630   0x08000630   0x00000030   Code   RO         1059    .text               mf_w.l(dfixul.o)
    0x08000660   0x08000660   0x00000030   Code   RO         1061    .text               mf_w.l(cdrcmple.o)
    0x08000690   0x08000690   0x00000024   Code   RO         1063    .text               mc_w.l(init.o)
    0x080006b4   0x080006b4   0x00000024   Code   RO         1065    .text               mc_w.l(llsshr.o)
    0x080006d8   0x080006d8   0x000000ba   Code   RO         1067    .text               mf_w.l(depilogue.o)
    0x08000792   0x08000792   0x00000006   PAD
    0x08000798   0x08000798   0x00000004   Code   RO          125    .text.BusFault_Handler  stm32f7xx_it.o
    0x0800079c   0x0800079c   0x00000004   PAD
    0x080007a0   0x080007a0   0x0000000c   Code   RO            6    .text.CPU_CACHE_Enable  bsp.o
    0x080007ac   0x080007ac   0x00000004   PAD
    0x080007b0   0x080007b0   0x000000ae   Code   RO           36    .text.ComToUart     bsp_uart_fifo.o
    0x0800085e   0x0800085e   0x00000002   PAD
    0x08000860   0x08000860   0x00000002   Code   RO          131    .text.DebugMon_Handler  stm32f7xx_it.o
    0x08000862   0x08000862   0x00000006   PAD
    0x08000868   0x08000868   0x00000014   Code   RO           10    .text.Error_Handler  bsp.o
    0x0800087c   0x0800087c   0x00000004   PAD
    0x08000880   0x08000880   0x00000042   Code   RO          711    .text.HAL_Delay     stm32f7xx_hal.o
    0x080008c2   0x080008c2   0x00000006   PAD
    0x080008c8   0x080008c8   0x000003ec   Code   RO          541    .text.HAL_GPIO_Init  stm32f7xx_hal_gpio.o
    0x08000cb4   0x08000cb4   0x00000004   PAD
    0x08000cb8   0x08000cb8   0x0000000c   Code   RO          703    .text.HAL_GetTick   stm32f7xx_hal.o
    0x08000cc4   0x08000cc4   0x00000004   PAD
    0x08000cc8   0x08000cc8   0x0000001a   Code   RO          701    .text.HAL_IncTick   stm32f7xx_hal.o
    0x08000ce2   0x08000ce2   0x00000006   PAD
    0x08000ce8   0x08000ce8   0x00000016   Code   RO          691    .text.HAL_Init      stm32f7xx_hal.o
    0x08000cfe   0x08000cfe   0x00000002   PAD
    0x08000d00   0x08000d00   0x00000070   Code   RO          693    .text.HAL_InitTick  stm32f7xx_hal.o
    0x08000d70   0x08000d70   0x0000009e   Code   RO          189    .text.HAL_MPU_ConfigRegion  stm32f7xx_hal_cortex.o
    0x08000e0e   0x08000e0e   0x00000002   PAD
    0x08000e10   0x08000e10   0x00000022   Code   RO          185    .text.HAL_MPU_Disable  stm32f7xx_hal_cortex.o
    0x08000e32   0x08000e32   0x00000006   PAD
    0x08000e38   0x08000e38   0x00000030   Code   RO          187    .text.HAL_MPU_Enable  stm32f7xx_hal_cortex.o
    0x08000e68   0x08000e68   0x00000042   Code   RO          144    .text.HAL_MspInit   stm32f7xx_hal_msp.o
    0x08000eaa   0x08000eaa   0x00000006   PAD
    0x08000eb0   0x08000eb0   0x00000014   Code   RO          169    .text.HAL_NVIC_EnableIRQ  stm32f7xx_hal_cortex.o
    0x08000ec4   0x08000ec4   0x00000004   PAD
    0x08000ec8   0x08000ec8   0x00000032   Code   RO          161    .text.HAL_NVIC_SetPriority  stm32f7xx_hal_cortex.o
    0x08000efa   0x08000efa   0x00000006   PAD
    0x08000f00   0x08000f00   0x00000010   Code   RO          157    .text.HAL_NVIC_SetPriorityGrouping  stm32f7xx_hal_cortex.o
    0x08000f10   0x08000f10   0x000000c6   Code   RO          674    .text.HAL_PWREx_EnableOverDrive  stm32f7xx_hal_pwr_ex.o
    0x08000fd6   0x08000fd6   0x00000002   PAD
    0x08000fd8   0x08000fd8   0x000008e4   Code   RO          437    .text.HAL_RCCEx_PeriphCLKConfig  stm32f7xx_hal_rcc_ex.o
    0x080018bc   0x080018bc   0x00000004   PAD
    0x080018c0   0x080018c0   0x0000026c   Code   RO          406    .text.HAL_RCC_ClockConfig  stm32f7xx_hal_rcc.o
    0x08001b2c   0x08001b2c   0x00000004   PAD
    0x08001b30   0x08001b30   0x0000000c   Code   RO          416    .text.HAL_RCC_GetHCLKFreq  stm32f7xx_hal_rcc.o
    0x08001b3c   0x08001b3c   0x00000004   PAD
    0x08001b40   0x08001b40   0x00000022   Code   RO          418    .text.HAL_RCC_GetPCLK1Freq  stm32f7xx_hal_rcc.o
    0x08001b62   0x08001b62   0x00000006   PAD
    0x08001b68   0x08001b68   0x00000022   Code   RO          420    .text.HAL_RCC_GetPCLK2Freq  stm32f7xx_hal_rcc.o
    0x08001b8a   0x08001b8a   0x00000006   PAD
    0x08001b90   0x08001b90   0x000000e6   Code   RO          408    .text.HAL_RCC_GetSysClockFreq  stm32f7xx_hal_rcc.o
    0x08001c76   0x08001c76   0x00000002   PAD
    0x08001c78   0x08001c78   0x0000072c   Code   RO          404    .text.HAL_RCC_OscConfig  stm32f7xx_hal_rcc.o
    0x080023a4   0x080023a4   0x00000004   PAD
    0x080023a8   0x080023a8   0x00000010   Code   RO          181    .text.HAL_SYSTICK_Config  stm32f7xx_hal_cortex.o
    0x080023b8   0x080023b8   0x000000a6   Code   RO          230    .text.HAL_UART_Init  stm32f7xx_hal_uart.o
    0x0800245e   0x0800245e   0x00000002   PAD
    0x08002460   0x08002460   0x00000130   Code   RO          146    .text.HAL_UART_MspInit  stm32f7xx_hal_msp.o
    0x08002590   0x08002590   0x00000004   Code   RO          121    .text.HardFault_Handler  stm32f7xx_it.o
    0x08002594   0x08002594   0x00000004   PAD
    0x08002598   0x08002598   0x00000228   Code   RO           34    .text.InitHardUart  bsp_uart_fifo.o
    0x080027c0   0x080027c0   0x00000096   Code   RO            4    .text.MPU_Config    bsp.o
    0x08002856   0x08002856   0x00000002   PAD
    0x08002858   0x08002858   0x00000004   Code   RO          123    .text.MemManage_Handler  stm32f7xx_it.o
    0x0800285c   0x0800285c   0x00000004   PAD
    0x08002860   0x08002860   0x00000004   Code   RO          119    .text.NMI_Handler   stm32f7xx_it.o
    0x08002864   0x08002864   0x00000004   PAD
    0x08002868   0x08002868   0x0000006c   Code   RO          167    .text.NVIC_EncodePriority  stm32f7xx_hal_cortex.o
    0x080028d4   0x080028d4   0x00000004   PAD
    0x080028d8   0x080028d8   0x00000002   Code   RO          133    .text.PendSV_Handler  stm32f7xx_it.o
    0x080028da   0x080028da   0x00000006   PAD
    0x080028e0   0x080028e0   0x0000000a   Code   RO           70    .text.RS485_ReciveNew  bsp_uart_fifo.o
    0x080028ea   0x080028ea   0x00000006   PAD
    0x080028f0   0x080028f0   0x00000002   Code   RO           62    .text.RS485_SendBefor  bsp_uart_fifo.o
    0x080028f2   0x080028f2   0x00000006   PAD
    0x080028f8   0x080028f8   0x00000002   Code   RO           64    .text.RS485_SendOver  bsp_uart_fifo.o
    0x080028fa   0x080028fa   0x00000006   PAD
    0x08002900   0x08002900   0x00000082   Code   RO           20    .text.SCB_EnableDCache  bsp.o
    0x08002982   0x08002982   0x00000006   PAD
    0x08002988   0x08002988   0x00000036   Code   RO           18    .text.SCB_EnableICache  bsp.o
    0x080029be   0x080029be   0x00000002   PAD
    0x080029c0   0x080029c0   0x00000002   Code   RO          129    .text.SVC_Handler   stm32f7xx_it.o
    0x080029c2   0x080029c2   0x00000006   PAD
    0x080029c8   0x080029c8   0x00000052   Code   RO          183    .text.SysTick_Config  stm32f7xx_hal_cortex.o
    0x08002a1a   0x08002a1a   0x00000006   PAD
    0x08002a20   0x08002a20   0x00000008   Code   RO          135    .text.SysTick_Handler  stm32f7xx_it.o
    0x08002a28   0x08002a28   0x000000e2   Code   RO            8    .text.SystemClock_Config  bsp.o
    0x08002b0a   0x08002b0a   0x00000006   PAD
    0x08002b10   0x08002b10   0x00000012   Code   RO          972    .text.SystemInit    system_stm32f7xx.o
    0x08002b22   0x08002b22   0x00000006   PAD
    0x08002b28   0x08002b28   0x00000148   Code   RO          236    .text.UART_AdvFeatureConfig  stm32f7xx_hal_uart.o
    0x08002c70   0x08002c70   0x000000aa   Code   RO          238    .text.UART_CheckIdleState  stm32f7xx_hal_uart.o
    0x08002d1a   0x08002d1a   0x00000006   PAD
    0x08002d20   0x08002d20   0x00000540   Code   RO          234    .text.UART_SetConfig  stm32f7xx_hal_uart.o
    0x08003260   0x08003260   0x00000174   Code   RO          252    .text.UART_WaitOnFlagUntilTimeout  stm32f7xx_hal_uart.o
    0x080033d4   0x080033d4   0x00000004   PAD
    0x080033d8   0x080033d8   0x00000010   Code   RO           74    .text.USART1_IRQHandler  bsp_uart_fifo.o
    0x080033e8   0x080033e8   0x00000010   Code   RO           78    .text.USART3_IRQHandler  bsp_uart_fifo.o
    0x080033f8   0x080033f8   0x00000086   Code   RO           48    .text.UartGetChar   bsp_uart_fifo.o
    0x0800347e   0x0800347e   0x00000002   PAD
    0x08003480   0x08003480   0x00000206   Code   RO           76    .text.UartIRQ       bsp_uart_fifo.o
    0x08003686   0x08003686   0x00000002   PAD
    0x08003688   0x08003688   0x000000e4   Code   RO           42    .text.UartSend      bsp_uart_fifo.o
    0x0800376c   0x0800376c   0x00000004   PAD
    0x08003770   0x08003770   0x000000a0   Code   RO           32    .text.UartVarInit   bsp_uart_fifo.o
    0x08003810   0x08003810   0x00000004   Code   RO          127    .text.UsageFault_Handler  stm32f7xx_it.o
    0x08003814   0x08003814   0x00000004   PAD
    0x08003818   0x08003818   0x00000030   Code   RO          171    .text.__NVIC_EnableIRQ  stm32f7xx_hal_cortex.o
    0x08003848   0x08003848   0x00000010   Code   RO          163    .text.__NVIC_GetPriorityGrouping  stm32f7xx_hal_cortex.o
    0x08003858   0x08003858   0x00000042   Code   RO          165    .text.__NVIC_SetPriority  stm32f7xx_hal_cortex.o
    0x0800389a   0x0800389a   0x00000006   PAD
    0x080038a0   0x080038a0   0x0000003c   Code   RO          159    .text.__NVIC_SetPriorityGrouping  stm32f7xx_hal_cortex.o
    0x080038dc   0x080038dc   0x00000004   PAD
    0x080038e0   0x080038e0   0x00000018   Code   RO            2    .text.bsp_Init      bsp.o
    0x080038f8   0x080038f8   0x0000000c   Code   RO           30    .text.bsp_InitUart  bsp_uart_fifo.o
    0x08003904   0x08003904   0x00000004   PAD
    0x08003908   0x08003908   0x0000004a   Code   RO           56    .text.bsp_SetUartParam  bsp_uart_fifo.o
    0x08003952   0x08003952   0x00000006   PAD
    0x08003958   0x08003958   0x00000038   Code   RO           46    .text.comGetChar    bsp_uart_fifo.o
    0x08003990   0x08003990   0x00000042   Code   RO           40    .text.comSendBuf    bsp_uart_fifo.o
    0x080039d2   0x080039d2   0x00000006   PAD
    0x080039d8   0x080039d8   0x0000001e   Code   RO           44    .text.comSendChar   bsp_uart_fifo.o
    0x080039f6   0x080039f6   0x00000002   PAD
    0x080039f8   0x080039f8   0x00000018   Code   RO           80    .text.fputc         bsp_uart_fifo.o
    0x08003a10   0x08003a10   0x000001a6   Code   RO          107    .text.main          main.o
    0x08003bb6   0x08003bb6   0x00000002   PAD
    0x08003bb8   0x08003bb8   0x00000020   Code   RO          995    i.__0printf         mc_w.l(printfa.o)
    0x08003bd8   0x08003bd8   0x0000000e   Code   RO         1071    i.__scatterload_copy  mc_w.l(handlers.o)
    0x08003be6   0x08003be6   0x00000002   Code   RO         1072    i.__scatterload_null  mc_w.l(handlers.o)
    0x08003be8   0x08003be8   0x0000000e   Code   RO         1073    i.__scatterload_zeroinit  mc_w.l(handlers.o)
    0x08003bf6   0x08003bf6   0x00000002   PAD
    0x08003bf8   0x08003bf8   0x00000184   Code   RO         1002    i._fp_digits        mc_w.l(printfa.o)
    0x08003d7c   0x08003d7c   0x000006dc   Code   RO         1003    i._printf_core      mc_w.l(printfa.o)
    0x08004458   0x08004458   0x00000024   Code   RO         1004    i._printf_post_padding  mc_w.l(printfa.o)
    0x0800447c   0x0800447c   0x0000002e   Code   RO         1005    i._printf_pre_padding  mc_w.l(printfa.o)
    0x080044aa   0x080044aa   0x00000010   Data   RO          977    .rodata.AHBPrescTable  system_stm32f7xx.o
    0x080044ba   0x080044ba   0x00000008   Data   RO          978    .rodata.APBPrescTable  system_stm32f7xx.o
    0x080044c2   0x080044c2   0x0000000a   Data   RO           22    .rodata.str1.1      bsp.o
    0x080044cc   0x080044cc   0x00000014   Data   RO           86    .rodata.str1.1      bsp_uart_fifo.o
    0x080044e0   0x080044e0   0x0000002f   Data   RO          109    .rodata.str1.1      main.o
    0x0800450f   0x0800450f   0x00000001   PAD
    0x08004510   0x08004510   0x00000020   Data   RO         1070    Region$$Table       anon$$obj.o


    Execution Region RW_IRAM1 (Exec base: 0x20000000, Load base: 0x08004530, Size: 0x00001870, Max: 0x00080000, ABSOLUTE)

    Exec Addr    Load Addr    Size         Type   Attr      Idx    E Section Name        Object

    0x20000000   0x08004530   0x00000004   Data   RW         1036    .data               mc_w.l(stdout.o)
    0x20000004   0x08004534   0x00000004   Data   RW          976    .data.SystemCoreClock  system_stm32f7xx.o
    0x20000008   0x08004538   0x00000001   Data   RW          754    .data.uwTickFreq    stm32f7xx_hal.o
    0x20000009   0x08004539   0x00000003   PAD
    0x2000000c   0x0800453c   0x00000004   Data   RW          753    .data.uwTickPrio    stm32f7xx_hal.o
    0x20000010        -       0x00000400   Zero   RW           88    .bss.g_RxBuf1       bsp_uart_fifo.o
    0x20000410        -       0x00000400   Zero   RW           90    .bss.g_RxBuf3       bsp_uart_fifo.o
    0x20000810        -       0x00000400   Zero   RW           87    .bss.g_TxBuf1       bsp_uart_fifo.o
    0x20000c10        -       0x00000400   Zero   RW           89    .bss.g_TxBuf3       bsp_uart_fifo.o
    0x20001010        -       0x0000002c   Zero   RW           84    .bss.g_tUart1       bsp_uart_fifo.o
    0x2000103c        -       0x0000002c   Zero   RW           85    .bss.g_tUart3       bsp_uart_fifo.o
    0x20001068        -       0x00000004   Zero   RW          755    .bss.uwTick         stm32f7xx_hal.o
    0x2000106c   0x08004540   0x00000004   PAD
    0x20001070        -       0x00000800   Zero   RW           97    STACK               startup_stm32f767xx.o


==============================================================================

Image component sizes


      Code (inc. data)   RO Data    RW Data    ZI Data      Debug   Object Name

       616          0         10          0          0       5233   bsp.o
      2074          0         20          0       4184      14895   bsp_uart_fifo.o
       422          0         47          0          0       4150   main.o
        36          8        504          0       2048        816   startup_stm32f767xx.o
       238          0          0          5          4       8006   stm32f7xx_hal.o
       722          0          0          0          0      10558   stm32f7xx_hal_cortex.o
      1004          0          0          0          0       5189   stm32f7xx_hal_gpio.o
       370          0          0          0          0       6598   stm32f7xx_hal_msp.o
       198          0          0          0          0       5615   stm32f7xx_hal_pwr_ex.o
      2766          0          0          0          0       8047   stm32f7xx_hal_rcc.o
      2276          0          0          0          0       7499   stm32f7xx_hal_rcc_ex.o
      2380         38          0          0          0      23396   stm32f7xx_hal_uart.o
        34          0          0          0          0        999   stm32f7xx_it.o
        18          0         24          4          0       3216   system_stm32f7xx.o

    ----------------------------------------------------------------------
     13380         46        638         12       6240     104217   Object Totals
         0          0         32          0          0          0   (incl. Generated)
       226          0          1          3          4          0   (incl. Padding)

    ----------------------------------------------------------------------

      Code (inc. data)   RO Data    RW Data    ZI Data      Debug   Library Member Name

         0          0          0          0          0          0   entry.o
         0          0          0          0          0          0   entry10a.o
         0          0          0          0          0          0   entry11a.o
         8          4          0          0          0          0   entry2.o
         4          0          0          0          0          0   entry5.o
         0          0          0          0          0          0   entry7b.o
         0          0          0          0          0          0   entry8b.o
         8          4          0          0          0          0   entry9a.o
        30          0          0          0          0          0   handlers.o
        36          8          0          0          0         68   init.o
         0          0          0          0          0          0   iusefp.o
        30          0          0          0          0         68   llshl.o
        36          0          0          0          0         68   llsshr.o
        32          0          0          0          0         68   llushr.o
        36          0          0          0          0        108   memseta.o
      2258         90          0          0          0        452   printfa.o
         0          0          0          4          0          0   stdout.o
        44          0          0          0          0         80   uidiv.o
        98          0          0          0          0         92   uldiv.o
        48          0          0          0          0         68   cdrcmple.o
       334          0          0          0          0        148   dadd.o
       222          0          0          0          0        100   ddiv.o
       186          0          0          0          0        176   depilogue.o
        48          0          0          0          0         68   dfixul.o
       228          0          0          0          0         96   dmul.o

    ----------------------------------------------------------------------
      3694        106          0          4          0       1660   Library Totals
         8          0          0          0          0          0   (incl. Padding)

    ----------------------------------------------------------------------

      Code (inc. data)   RO Data    RW Data    ZI Data      Debug   Library Name

      2620        106          0          4          0       1004   mc_w.l
      1066          0          0          0          0        656   mf_w.l

    ----------------------------------------------------------------------
      3694        106          0          4          0       1660   Library Totals

    ----------------------------------------------------------------------

==============================================================================


      Code (inc. data)   RO Data    RW Data    ZI Data      Debug   

     17074        152        638         16       6240     105009   Grand Totals
     17074        152        638         16       6240     105009   ELF Image Totals
     17074        152        638         16          0          0   ROM Totals

==============================================================================

    Total RO  Size (Code + RO Data)                17712 (  17.30kB)
    Total RW  Size (RW Data + ZI Data)              6256 (   6.11kB)
    Total ROM Size (Code + RO Data + RW Data)      17728 (  17.31kB)

==============================================================================

